Aug 12 15:15:08 raspberrypi rsyslogd:  [origin software="rsyslogd" swVersion="8.1901.0" x-pid="301" x-info="https://www.rsyslog.com"] rsyslogd was HUPed
Aug 12 15:15:38 raspberrypi mtp-probe: checking bus 1, device 4: "/sys/devices/platform/soc/3f980000.usb/usb1/1-1/1-1.3"
Aug 12 15:15:38 raspberrypi mtp-probe: bus: 1, device: 4 was not an MTP device
Aug 12 15:15:38 raspberrypi mtp-probe: checking bus 1, device 3: "/sys/devices/platform/soc/3f980000.usb/usb1/1-1/1-1.1"
Aug 12 15:15:38 raspberrypi mtp-probe: bus: 1, device: 3 was not an MTP device
Aug 12 15:15:38 raspberrypi kernel: [    0.000000] Booting Linux on physical CPU 0xf00
Aug 12 15:15:38 raspberrypi kernel: [    0.000000] Linux version 5.4.51-v7+ (dom@buildbot) (gcc version 4.9.3 (crosstool-NG crosstool-ng-1.22.0-88-g8460611)) #1327 SMP Thu Jul 23 10:58:46 BST 2020
Aug 12 15:15:38 raspberrypi kernel: [    0.000000] CPU: ARMv7 Processor [410fc075] revision 5 (ARMv7), cr=10c5387d
Aug 12 15:15:38 raspberrypi kernel: [    0.000000] CPU: div instructions available: patching division code
Aug 12 15:15:38 raspberrypi kernel: [    0.000000] CPU: PIPT / VIPT nonaliasing data cache, VIPT aliasing instruction cache
Aug 12 15:15:38 raspberrypi kernel: [    0.000000] OF: fdt: Machine model: Raspberry Pi 2 Model B Rev 1.1
Aug 12 15:15:38 raspberrypi kernel: [    0.000000] Memory policy: Data cache writealloc
Aug 12 15:15:38 raspberrypi kernel: [    0.000000] Reserved memory: created CMA memory pool at 0x37400000, size 64 MiB
Aug 12 15:15:38 raspberrypi kernel: [    0.000000] OF: reserved mem: initialized node linux,cma, compatible id shared-dma-pool
Aug 12 15:15:38 raspberrypi kernel: [    0.000000] percpu: Embedded 20 pages/cpu s49792 r8192 d23936 u81920
Aug 12 15:15:38 raspberrypi kernel: [    0.000000] Built 1 zonelists, mobility grouping on.  Total pages: 240792
Aug 12 15:15:38 raspberrypi kernel: [    0.000000] Kernel command line: coherent_pool=1M snd_bcm2835.enable_compat_alsa=0 snd_bcm2835.enable_hdmi=1 snd_bcm2835.enable_headphones=1 bcm2708_fb.fbwidth=656 bcm2708_fb.fbheight=416 bcm2708_fb.fbswap=1 vc_mem.mem_base=0x3ec00000 vc_mem.mem_size=0x40000000  console=tty1 root=PARTUUID=738a4d67-02 rootfstype=ext4 elevator=deadline fsck.repair=yes rootwait
Aug 12 15:15:38 raspberrypi kernel: [    0.000000] Dentry cache hash table entries: 131072 (order: 7, 524288 bytes, linear)
Aug 12 15:15:38 raspberrypi kernel: [    0.000000] Inode-cache hash table entries: 65536 (order: 6, 262144 bytes, linear)
Aug 12 15:15:38 raspberrypi kernel: [    0.000000] mem auto-init: stack:off, heap alloc:off, heap free:off
Aug 12 15:15:38 raspberrypi kernel: [    0.000000] Memory: 882480K/970752K available (8192K kernel code, 681K rwdata, 2532K rodata, 1024K init, 824K bss, 22736K reserved, 65536K cma-reserved)
Aug 12 15:15:38 raspberrypi kernel: [    0.000000] SLUB: HWalign=64, Order=0-3, MinObjects=0, CPUs=4, Nodes=1
Aug 12 15:15:38 raspberrypi kernel: [    0.000000] ftrace: allocating 27966 entries in 55 pages
Aug 12 15:15:38 raspberrypi kernel: [    0.000000] rcu: Hierarchical RCU implementation.
Aug 12 15:15:38 raspberrypi kernel: [    0.000000] rcu: RCU calculated value of scheduler-enlistment delay is 10 jiffies.
Aug 12 15:15:38 raspberrypi kernel: [    0.000000] NR_IRQS: 16, nr_irqs: 16, preallocated irqs: 16
Aug 12 15:15:38 raspberrypi kernel: [    0.000000] random: get_random_bytes called from start_kernel+0x328/0x4e8 with crng_init=0
Aug 12 15:15:38 raspberrypi kernel: [    0.000000] arch_timer: cp15 timer(s) running at 19.20MHz (phys).
Aug 12 15:15:38 raspberrypi kernel: [    0.000000] clocksource: arch_sys_counter: mask: 0xffffffffffffff max_cycles: 0x46d987e47, max_idle_ns: 440795202767 ns
Aug 12 15:15:38 raspberrypi kernel: [    0.000010] sched_clock: 56 bits at 19MHz, resolution 52ns, wraps every 4398046511078ns
Aug 12 15:15:38 raspberrypi kernel: [    0.000029] Switching to timer-based delay loop, resolution 52ns
Aug 12 15:15:38 raspberrypi kernel: [    0.000369] Console: colour dummy device 80x30
Aug 12 15:15:38 raspberrypi kernel: [    0.001034] printk: console [tty1] enabled
Aug 12 15:15:38 raspberrypi kernel: [    0.001119] Calibrating delay loop (skipped), value calculated using timer frequency.. 38.40 BogoMIPS (lpj=192000)
Aug 12 15:15:38 raspberrypi kernel: [    0.001179] pid_max: default: 32768 minimum: 301
Aug 12 15:15:38 raspberrypi kernel: [    0.001616] Mount-cache hash table entries: 2048 (order: 1, 8192 bytes, linear)
Aug 12 15:15:38 raspberrypi kernel: [    0.001679] Mountpoint-cache hash table entries: 2048 (order: 1, 8192 bytes, linear)
Aug 12 15:15:38 raspberrypi kernel: [    0.003268] CPU: Testing write buffer coherency: ok
Aug 12 15:15:38 raspberrypi kernel: [    0.004109] CPU0: update cpu_capacity 1024
Aug 12 15:15:38 raspberrypi kernel: [    0.004157] CPU0: thread -1, cpu 0, socket 15, mpidr 80000f00
Aug 12 15:15:38 raspberrypi kernel: [    0.005536] Setting up static identity map for 0x100000 - 0x10003c
Aug 12 15:15:38 raspberrypi kernel: [    0.005859] rcu: Hierarchical SRCU implementation.
Aug 12 15:15:38 raspberrypi kernel: [    0.006853] smp: Bringing up secondary CPUs ...
Aug 12 15:15:38 raspberrypi kernel: [    0.008510] CPU1: update cpu_capacity 1024
Aug 12 15:15:38 raspberrypi kernel: [    0.008523] CPU1: thread -1, cpu 1, socket 15, mpidr 80000f01
Aug 12 15:15:38 raspberrypi kernel: [    0.010566] CPU2: update cpu_capacity 1024
Aug 12 15:15:38 raspberrypi kernel: [    0.010579] CPU2: thread -1, cpu 2, socket 15, mpidr 80000f02
Aug 12 15:15:38 raspberrypi kernel: [    0.012266] CPU3: update cpu_capacity 1024
Aug 12 15:15:38 raspberrypi kernel: [    0.012277] CPU3: thread -1, cpu 3, socket 15, mpidr 80000f03
Aug 12 15:15:38 raspberrypi kernel: [    0.012477] smp: Brought up 1 node, 4 CPUs
Aug 12 15:15:38 raspberrypi kernel: [    0.012605] SMP: Total of 4 processors activated (153.60 BogoMIPS).
Aug 12 15:15:38 raspberrypi kernel: [    0.012639] CPU: All CPU(s) started in HYP mode.
Aug 12 15:15:38 raspberrypi kernel: [    0.012668] CPU: Virtualization extensions available.
Aug 12 15:15:38 raspberrypi kernel: [    0.013948] devtmpfs: initialized
Aug 12 15:15:38 raspberrypi kernel: [    0.033618] VFP support v0.3: implementor 41 architecture 2 part 30 variant 7 rev 5
Aug 12 15:15:38 raspberrypi kernel: [    0.034072] clocksource: jiffies: mask: 0xffffffff max_cycles: 0xffffffff, max_idle_ns: 19112604462750000 ns
Aug 12 15:15:38 raspberrypi kernel: [    0.034146] futex hash table entries: 1024 (order: 4, 65536 bytes, linear)
Aug 12 15:15:38 raspberrypi kernel: [    0.038038] pinctrl core: initialized pinctrl subsystem
Aug 12 15:15:38 raspberrypi kernel: [    0.039706] NET: Registered protocol family 16
Aug 12 15:15:38 raspberrypi kernel: [    0.044700] DMA: preallocated 1024 KiB pool for atomic coherent allocations
Aug 12 15:15:38 raspberrypi kernel: [    0.052795] hw-breakpoint: found 5 (+1 reserved) breakpoint and 4 watchpoint registers.
Aug 12 15:15:38 raspberrypi kernel: [    0.052858] hw-breakpoint: maximum watchpoint size is 8 bytes.
Aug 12 15:15:38 raspberrypi kernel: [    0.053176] Serial: AMBA PL011 UART driver
Aug 12 15:15:38 raspberrypi rsyslogd: imuxsock: Acquired UNIX socket '/run/systemd/journal/syslog' (fd 3) from systemd.  [v8.1901.0]
Aug 12 15:15:38 raspberrypi kernel: [    0.055965] bcm2835-mbox 3f00b880.mailbox: mailbox enabled
Aug 12 15:15:38 raspberrypi kernel: [    0.078761] raspberrypi-firmware soc:firmware: Attached to firmware from 2020-07-17 11:04, variant start
Aug 12 15:15:38 raspberrypi kernel: [    0.088775] raspberrypi-firmware soc:firmware: Firmware hash is 21a15cb094f41c7506ad65d2cb9b29c550693057
Aug 12 15:15:38 raspberrypi kernel: [    0.151070] bcm2835-dma 3f007000.dma: DMA legacy API manager, dmachans=0x1
Aug 12 15:15:38 raspberrypi kernel: [    0.153888] SCSI subsystem initialized
Aug 12 15:15:38 raspberrypi kernel: [    0.154287] usbcore: registered new interface driver usbfs
Aug 12 15:15:38 raspberrypi kernel: [    0.154399] usbcore: registered new interface driver hub
Aug 12 15:15:38 raspberrypi kernel: [    0.154614] usbcore: registered new device driver usb
Aug 12 15:15:38 raspberrypi kernel: [    0.157070] clocksource: Switched to clocksource arch_sys_counter
Aug 12 15:15:38 raspberrypi kernel: [    1.314456] VFS: Disk quotas dquot_6.6.0
Aug 12 15:15:38 raspberrypi kernel: [    1.314659] VFS: Dquot-cache hash table entries: 1024 (order 0, 4096 bytes)
Aug 12 15:15:38 raspberrypi kernel: [    1.314979] FS-Cache: Loaded
Aug 12 15:15:38 raspberrypi kernel: [    1.315387] CacheFiles: Loaded
Aug 12 15:15:38 raspberrypi kernel: [    1.330808] thermal_sys: Registered thermal governor 'step_wise'
Aug 12 15:15:38 raspberrypi kernel: [    1.331357] NET: Registered protocol family 2
Aug 12 15:15:38 raspberrypi kernel: [    1.332884] tcp_listen_portaddr_hash hash table entries: 512 (order: 0, 6144 bytes, linear)
Aug 12 15:15:38 raspberrypi kernel: [    1.332980] TCP established hash table entries: 8192 (order: 3, 32768 bytes, linear)
Aug 12 15:15:38 raspberrypi kernel: [    1.333146] TCP bind hash table entries: 8192 (order: 4, 65536 bytes, linear)
Aug 12 15:15:38 raspberrypi kernel: [    1.333366] TCP: Hash tables configured (established 8192 bind 8192)
Aug 12 15:15:38 raspberrypi kernel: [    1.333615] UDP hash table entries: 512 (order: 2, 16384 bytes, linear)
Aug 12 15:15:38 raspberrypi kernel: [    1.333716] UDP-Lite hash table entries: 512 (order: 2, 16384 bytes, linear)
Aug 12 15:15:38 raspberrypi kernel: [    1.334163] NET: Registered protocol family 1
Aug 12 15:15:38 raspberrypi kernel: [    1.335327] RPC: Registered named UNIX socket transport module.
Aug 12 15:15:38 raspberrypi kernel: [    1.335379] RPC: Registered udp transport module.
Aug 12 15:15:38 raspberrypi kernel: [    1.335410] RPC: Registered tcp transport module.
Aug 12 15:15:38 raspberrypi kernel: [    1.335441] RPC: Registered tcp NFSv4.1 backchannel transport module.
Aug 12 15:15:38 raspberrypi kernel: [    1.337543] hw perfevents: enabled with armv7_cortex_a7 PMU driver, 5 counters available
Aug 12 15:15:38 raspberrypi kernel: [    1.341932] Initialise system trusted keyrings
Aug 12 15:15:38 raspberrypi kernel: [    1.342384] workingset: timestamp_bits=30 max_order=18 bucket_order=0
Aug 12 15:15:38 raspberrypi kernel: [    1.356140] FS-Cache: Netfs 'nfs' registered for caching
Aug 12 15:15:38 raspberrypi kernel: [    1.357241] NFS: Registering the id_resolver key type
Aug 12 15:15:38 raspberrypi kernel: [    1.357324] Key type id_resolver registered
Aug 12 15:15:38 raspberrypi kernel: [    1.357356] Key type id_legacy registered
Aug 12 15:15:38 raspberrypi kernel: [    1.357400] nfs4filelayout_init: NFSv4 File Layout Driver Registering...
Aug 12 15:15:38 raspberrypi kernel: [    1.359096] Key type asymmetric registered
Aug 12 15:15:38 raspberrypi kernel: [    1.359142] Asymmetric key parser 'x509' registered
Aug 12 15:15:38 raspberrypi kernel: [    1.359235] Block layer SCSI generic (bsg) driver version 0.4 loaded (major 249)
Aug 12 15:15:38 raspberrypi kernel: [    1.359286] io scheduler mq-deadline registered
Aug 12 15:15:38 raspberrypi kernel: [    1.359318] io scheduler kyber registered
Aug 12 15:15:38 raspberrypi kernel: [    1.362645] bcm2708_fb soc:fb: FB found 1 display(s)
Aug 12 15:15:38 raspberrypi kernel: [    1.376693] Console: switching to colour frame buffer device 82x26
Aug 12 15:15:38 raspberrypi kernel: [    1.384605] bcm2708_fb soc:fb: Registered framebuffer for display 0, size 656x416
Aug 12 15:15:38 raspberrypi kernel: [    1.396464] bcm2835-rng 3f104000.rng: hwrng registered
Aug 12 15:15:38 raspberrypi kernel: [    1.400137] vc-mem: phys_addr:0x00000000 mem_base=0x3ec00000 mem_size:0x40000000(1024 MiB)
Aug 12 15:15:38 raspberrypi kernel: [    1.406932] vc-sm: Videocore shared memory driver
Aug 12 15:15:38 raspberrypi kernel: [    1.410601] gpiomem-bcm2835 3f200000.gpiomem: Initialised: Registers at 0x3f200000
Aug 12 15:15:38 raspberrypi kernel: [    1.433342] brd: module loaded
Aug 12 15:15:38 raspberrypi kernel: [    1.452887] loop: module loaded
Aug 12 15:15:38 raspberrypi kernel: [    1.457864] Loading iSCSI transport class v2.0-870.
Aug 12 15:15:38 raspberrypi kernel: [    1.462064] libphy: Fixed MDIO Bus: probed
Aug 12 15:15:38 raspberrypi kernel: [    1.465121] usbcore: registered new interface driver lan78xx
Aug 12 15:15:38 raspberrypi kernel: [    1.468178] usbcore: registered new interface driver smsc95xx
Aug 12 15:15:38 raspberrypi kernel: [    1.471049] dwc_otg: version 3.00a 10-AUG-2012 (platform bus)
Aug 12 15:15:38 raspberrypi kernel: [    2.202235] Core Release: 2.80a
Aug 12 15:15:38 raspberrypi kernel: [    2.204961] Setting default values for core params
Aug 12 15:15:38 raspberrypi kernel: [    2.207794] Finished setting default values for core params
Aug 12 15:15:38 raspberrypi kernel: [    2.411118] Using Buffer DMA mode
Aug 12 15:15:38 raspberrypi kernel: [    2.413894] Periodic Transfer Interrupt Enhancement - disabled
Aug 12 15:15:38 raspberrypi kernel: [    2.416717] Multiprocessor Interrupt Enhancement - disabled
Aug 12 15:15:38 raspberrypi kernel: [    2.419562] OTG VER PARAM: 0, OTG VER FLAG: 0
Aug 12 15:15:38 raspberrypi kernel: [    2.422308] Dedicated Tx FIFOs mode
Aug 12 15:15:38 raspberrypi kernel: [    2.425607] WARN::dwc_otg_hcd_init:1074: FIQ DMA bounce buffers: virt = b7514000 dma = 0xf7514000 len=9024
Aug 12 15:15:38 raspberrypi kernel: [    2.431000] FIQ FSM acceleration enabled for :
Aug 12 15:15:38 raspberrypi kernel: [    2.431000] Non-periodic Split Transactions
Aug 12 15:15:38 raspberrypi kernel: [    2.431000] Periodic Split Transactions
Aug 12 15:15:38 raspberrypi kernel: [    2.431000] High-Speed Isochronous Endpoints
Aug 12 15:15:38 raspberrypi kernel: [    2.431000] Interrupt/Control Split Transaction hack enabled
Aug 12 15:15:38 raspberrypi kernel: [    2.443613] WARN::hcd_init_fiq:457: FIQ on core 1
Aug 12 15:15:38 raspberrypi kernel: [    2.446158] WARN::hcd_init_fiq:458: FIQ ASM at 806bdcbc length 36
Aug 12 15:15:38 raspberrypi kernel: [    2.448706] WARN::hcd_init_fiq:497: MPHI regs_base at bb810000
Aug 12 15:15:38 raspberrypi kernel: [    2.451226] dwc_otg 3f980000.usb: DWC OTG Controller
Aug 12 15:15:38 raspberrypi kernel: [    2.453852] dwc_otg 3f980000.usb: new USB bus registered, assigned bus number 1
Aug 12 15:15:38 raspberrypi kernel: [    2.456543] dwc_otg 3f980000.usb: irq 56, io mem 0x00000000
Aug 12 15:15:38 raspberrypi kernel: [    2.459188] Init: Port Power? op_state=1
Aug 12 15:15:38 raspberrypi kernel: [    2.461729] Init: Power Port (0)
Aug 12 15:15:38 raspberrypi kernel: [    2.464723] usb usb1: New USB device found, idVendor=1d6b, idProduct=0002, bcdDevice= 5.04
Aug 12 15:15:38 raspberrypi kernel: [    2.469863] usb usb1: New USB device strings: Mfr=3, Product=2, SerialNumber=1
Aug 12 15:15:38 raspberrypi kernel: [    2.472599] usb usb1: Product: DWC OTG Controller
Aug 12 15:15:38 raspberrypi kernel: [    2.475280] usb usb1: Manufacturer: Linux 5.4.51-v7+ dwc_otg_hcd
Aug 12 15:15:38 raspberrypi kernel: [    2.478049] usb usb1: SerialNumber: 3f980000.usb
Aug 12 15:15:38 raspberrypi kernel: [    2.481670] hub 1-0:1.0: USB hub found
Aug 12 15:15:38 raspberrypi kernel: [    2.484302] hub 1-0:1.0: 1 port detected
Aug 12 15:15:38 raspberrypi kernel: [    2.488369] usbcore: registered new interface driver usb-storage
Aug 12 15:15:38 raspberrypi kernel: [    2.491299] mousedev: PS/2 mouse device common for all mice
Aug 12 15:15:38 raspberrypi kernel: [    2.495692] bcm2835-wdt bcm2835-wdt: Broadcom BCM2835 watchdog timer
Aug 12 15:15:38 raspberrypi kernel: [    2.501117] sdhci: Secure Digital Host Controller Interface driver
Aug 12 15:15:38 raspberrypi kernel: [    2.503878] sdhci: Copyright(c) Pierre Ossman
Aug 12 15:15:38 raspberrypi kernel: [    2.507469] sdhost-bcm2835 3f202000.mmc: could not get clk, deferring probe
Aug 12 15:15:38 raspberrypi kernel: [    2.510617] sdhci-pltfm: SDHCI platform and OF driver helper
Aug 12 15:15:38 raspberrypi kernel: [    2.514622] ledtrig-cpu: registered to indicate activity on CPUs
Aug 12 15:15:38 raspberrypi kernel: [    2.517953] hidraw: raw HID events driver (C) Jiri Kosina
Aug 12 15:15:38 raspberrypi kernel: [    2.521051] usbcore: registered new interface driver usbhid
Aug 12 15:15:38 raspberrypi kernel: [    2.523933] usbhid: USB HID core driver
Aug 12 15:15:38 raspberrypi kernel: [    2.527979] vchiq: vchiq_init_state: slot_zero = (ptrval)
Aug 12 15:15:38 raspberrypi kernel: [    2.533009] [vc_sm_connected_init]: start
Aug 12 15:15:38 raspberrypi kernel: [    2.542180] [vc_sm_connected_init]: end - returning 0
Aug 12 15:15:38 raspberrypi kernel: [    2.547641] Initializing XFRM netlink socket
Aug 12 15:15:38 raspberrypi kernel: [    2.550338] NET: Registered protocol family 17
Aug 12 15:15:38 raspberrypi kernel: [    2.553139] Key type dns_resolver registered
Aug 12 15:15:38 raspberrypi kernel: [    2.556302] Registering SWP/SWPB emulation handler
Aug 12 15:15:38 raspberrypi kernel: [    2.559419] registered taskstats version 1
Aug 12 15:15:38 raspberrypi kernel: [    2.561998] Loading compiled-in X.509 certificates
Aug 12 15:15:38 raspberrypi kernel: [    2.565256] Key type ._fscrypt registered
Aug 12 15:15:38 raspberrypi kernel: [    2.567905] Key type .fscrypt registered
Aug 12 15:15:38 raspberrypi kernel: [    2.583656] uart-pl011 3f201000.serial: cts_event_workaround enabled
Aug 12 15:15:38 raspberrypi kernel: [    2.586403] 3f201000.serial: ttyAMA0 at MMIO 0x3f201000 (irq = 81, base_baud = 0) is a PL011 rev2
Aug 12 15:15:38 raspberrypi kernel: [    2.594133] bcm2835-power bcm2835-power: Broadcom BCM2835 power domains driver
Aug 12 15:15:38 raspberrypi kernel: [    2.599147] sdhost: log_buf @ (ptrval) (f7513000)
Aug 12 15:15:38 raspberrypi kernel: [    2.649909] mmc0: sdhost-bcm2835 loaded - DMA enabled (>1)
Aug 12 15:15:38 raspberrypi kernel: [    2.655818] of_cfs_init
Aug 12 15:15:38 raspberrypi kernel: [    2.658856] of_cfs_init: OK
Aug 12 15:15:38 raspberrypi kernel: [    2.662605] Waiting for root device PARTUUID=738a4d67-02...
Aug 12 15:15:38 raspberrypi kernel: [    2.707287] Indeed it is in host mode hprt0 = 00021501
Aug 12 15:15:38 raspberrypi kernel: [    2.793006] mmc0: host does not support reading read-only switch, assuming write-enable
Aug 12 15:15:38 raspberrypi kernel: [    2.797661] random: fast init done
Aug 12 15:15:38 raspberrypi kernel: [    2.802594] mmc0: new high speed SDHC card at address aaaa
Aug 12 15:15:38 raspberrypi kernel: [    2.806596] mmcblk0: mmc0:aaaa SL08G 7.40 GiB
Aug 12 15:15:38 raspberrypi kernel: [    2.812795]  mmcblk0: p1 p2
Aug 12 15:15:38 raspberrypi kernel: [    2.856110] EXT4-fs (mmcblk0p2): mounted filesystem with ordered data mode. Opts: (null)
Aug 12 15:15:38 raspberrypi kernel: [    2.862049] VFS: Mounted root (ext4 filesystem) readonly on device 179:2.
Aug 12 15:15:38 raspberrypi kernel: [    2.874467] devtmpfs: mounted
Aug 12 15:15:38 raspberrypi kernel: [    2.885192] Freeing unused kernel memory: 1024K
Aug 12 15:15:38 raspberrypi kernel: [    2.888668] Run /sbin/init as init process
Aug 12 15:15:38 raspberrypi kernel: [    2.917153] usb 1-1: new high-speed USB device number 2 using dwc_otg
Aug 12 15:15:38 raspberrypi kernel: [    2.920374] Indeed it is in host mode hprt0 = 00001101
Aug 12 15:15:38 raspberrypi kernel: [    3.157638] usb 1-1: New USB device found, idVendor=0424, idProduct=9514, bcdDevice= 2.00
Aug 12 15:15:38 raspberrypi kernel: [    3.163511] usb 1-1: New USB device strings: Mfr=0, Product=0, SerialNumber=0
Aug 12 15:15:38 raspberrypi kernel: [    3.167796] hub 1-1:1.0: USB hub found
Aug 12 15:15:38 raspberrypi kernel: [    3.171116] hub 1-1:1.0: 5 ports detected
Aug 12 15:15:38 raspberrypi kernel: [    3.487164] usb 1-1.1: new high-speed USB device number 3 using dwc_otg
Aug 12 15:15:38 raspberrypi kernel: [    3.617658] usb 1-1.1: New USB device found, idVendor=0424, idProduct=ec00, bcdDevice= 2.00
Aug 12 15:15:38 raspberrypi rsyslogd:  [origin software="rsyslogd" swVersion="8.1901.0" x-pid="302" x-info="https://www.rsyslog.com"] start
Aug 12 15:15:38 raspberrypi kernel: [    3.623825] usb 1-1.1: New USB device strings: Mfr=0, Product=0, SerialNumber=0
Aug 12 15:15:38 raspberrypi kernel: [    3.630269] smsc95xx v1.0.6
Aug 12 15:15:38 raspberrypi kernel: [    3.723042] smsc95xx 1-1.1:1.0 eth0: register 'smsc95xx' at usb-3f980000.usb-1.1, smsc95xx USB 2.0 Ethernet, b8:27:eb:7c:20:bc
Aug 12 15:15:38 raspberrypi kernel: [    3.739851] NET: Registered protocol family 10
Aug 12 15:15:38 raspberrypi kernel: [    3.745382] Segment Routing with IPv6
Aug 12 15:15:38 raspberrypi kernel: [    3.827142] usb 1-1.3: new high-speed USB device number 4 using dwc_otg
Aug 12 15:15:38 raspberrypi kernel: [    3.983988] usb 1-1.3: New USB device found, idVendor=148f, idProduct=5370, bcdDevice= 1.01
Aug 12 15:15:38 raspberrypi kernel: [    3.991621] usb 1-1.3: New USB device strings: Mfr=1, Product=2, SerialNumber=3
Aug 12 15:15:38 raspberrypi kernel: [    3.995449] usb 1-1.3: Product: 802.11 n WLAN
Aug 12 15:15:38 raspberrypi kernel: [    3.999349] usb 1-1.3: Manufacturer: Ralink
Aug 12 15:15:38 raspberrypi kernel: [    4.002890] usb 1-1.3: SerialNumber: 1.0
Aug 12 15:15:38 raspberrypi kernel: [    5.017824] random: systemd: uninitialized urandom read (16 bytes read)
Aug 12 15:15:38 raspberrypi kernel: [    5.038818] random: systemd: uninitialized urandom read (16 bytes read)
Aug 12 15:15:38 raspberrypi kernel: [    5.050279] random: systemd: uninitialized urandom read (16 bytes read)
Aug 12 15:15:38 raspberrypi kernel: [   16.560743] EXT4-fs (mmcblk0p2): re-mounted. Opts: (null)
Aug 12 15:15:38 raspberrypi kernel: [   17.324197] rc rc0: GPIO IR Bit Banging Transmitter as /devices/platform/gpio-ir-transmitter@12/rc/rc0
Aug 12 15:15:38 raspberrypi kernel: [   17.327850] rc rc0: lirc_dev: driver gpio-ir-tx registered at minor = 0, no receiver, raw IR transmitter
Aug 12 15:15:38 raspberrypi kernel: [   17.403735] mc: Linux media interface: v0.10
Aug 12 15:15:38 raspberrypi kernel: [   17.408620] vc_sm_cma: module is from the staging directory, the quality is unknown, you have been warned.
Aug 12 15:15:38 raspberrypi kernel: [   17.412000] bcm2835_vc_sm_cma_probe: Videocore shared memory driver
Aug 12 15:15:38 raspberrypi kernel: [   17.412031] [vc_sm_connected_init]: start
Aug 12 15:15:38 raspberrypi kernel: [   17.416878] [vc_sm_connected_init]: installed successfully
Aug 12 15:15:38 raspberrypi kernel: [   17.465201] videodev: Linux video capture interface: v2.00
Aug 12 15:15:38 raspberrypi kernel: [   17.501800] bcm2835_mmal_vchiq: module is from the staging directory, the quality is unknown, you have been warned.
Aug 12 15:15:38 raspberrypi kernel: [   17.502069] bcm2835_mmal_vchiq: module is from the staging directory, the quality is unknown, you have been warned.
Aug 12 15:15:38 raspberrypi kernel: [   17.502076] bcm2835_mmal_vchiq: module is from the staging directory, the quality is unknown, you have been warned.
Aug 12 15:15:38 raspberrypi kernel: [   17.509173] bcm2835_isp: module is from the staging directory, the quality is unknown, you have been warned.
Aug 12 15:15:38 raspberrypi kernel: [   17.520957] bcm2835_v4l2: module is from the staging directory, the quality is unknown, you have been warned.
Aug 12 15:15:38 raspberrypi kernel: [   17.526599] bcm2835-isp bcm2835-isp: Device node output[0] registered as /dev/video13
Aug 12 15:15:38 raspberrypi kernel: [   17.528377] bcm2835-isp bcm2835-isp: Device node capture[0] registered as /dev/video14
Aug 12 15:15:38 raspberrypi kernel: [   17.531861] bcm2835-isp bcm2835-isp: Device node capture[1] registered as /dev/video15
Aug 12 15:15:38 raspberrypi kernel: [   17.534380] bcm2835-isp bcm2835-isp: Device node stats[2] registered as /dev/video16
Aug 12 15:15:38 raspberrypi kernel: [   17.534509] bcm2835-isp bcm2835-isp: Register output node 0 with media controller
Aug 12 15:15:38 raspberrypi kernel: [   17.534578] bcm2835-isp bcm2835-isp: Register capture node 1 with media controller
Aug 12 15:15:38 raspberrypi kernel: [   17.534643] bcm2835-isp bcm2835-isp: Register capture node 2 with media controller
Aug 12 15:15:38 raspberrypi kernel: [   17.534704] bcm2835-isp bcm2835-isp: Register capture node 3 with media controller
Aug 12 15:15:38 raspberrypi kernel: [   17.535403] bcm2835-isp bcm2835-isp: Loaded V4L2 bcm2835-isp
Aug 12 15:15:38 raspberrypi kernel: [   17.551736] bcm2835_codec: module is from the staging directory, the quality is unknown, you have been warned.
Aug 12 15:15:38 raspberrypi kernel: [   17.567986] bcm2835-codec bcm2835-codec: Device registered as /dev/video10
Aug 12 15:15:38 raspberrypi kernel: [   17.568064] bcm2835-codec bcm2835-codec: Loaded V4L2 decode
Aug 12 15:15:38 raspberrypi kernel: [   17.588766] bcm2835-codec bcm2835-codec: Device registered as /dev/video11
Aug 12 15:15:38 raspberrypi kernel: [   17.588906] bcm2835-codec bcm2835-codec: Loaded V4L2 encode
Aug 12 15:15:38 raspberrypi kernel: [   17.607878] snd_bcm2835: module is from the staging directory, the quality is unknown, you have been warned.
Aug 12 15:15:38 raspberrypi kernel: [   17.615017] bcm2835-codec bcm2835-codec: Device registered as /dev/video12
Aug 12 15:15:38 raspberrypi kernel: [   17.615126] bcm2835-codec bcm2835-codec: Loaded V4L2 isp
Aug 12 15:15:38 raspberrypi kernel: [   17.701392] bcm2835_audio bcm2835_audio: card created with 8 channels
Aug 12 15:15:38 raspberrypi kernel: [   18.249918] cfg80211: Loading compiled-in X.509 certificates for regulatory database
Aug 12 15:15:38 raspberrypi kernel: [   18.411204] cfg80211: Loaded X.509 cert 'sforshee: 00b28ddf47aef9cea7'
Aug 12 15:15:38 raspberrypi kernel: [   18.757250] usb 1-1.3: reset high-speed USB device number 4 using dwc_otg
Aug 12 15:15:38 raspberrypi kernel: [   18.899028] ieee80211 phy0: rt2x00_set_rt: Info - RT chipset 5390, rev 0502 detected
Aug 12 15:15:38 raspberrypi kernel: [   18.923870] ieee80211 phy0: rt2x00_set_rf: Info - RF chipset 5370 detected
Aug 12 15:15:38 raspberrypi kernel: [   18.927835] usbcore: registered new interface driver rt2800usb
Aug 12 15:15:38 raspberrypi kernel: [   21.066552] random: crng init done
Aug 12 15:15:38 raspberrypi kernel: [   21.066599] random: 7 urandom warning(s) missed due to ratelimiting
Aug 12 15:15:38 raspberrypi kernel: [   21.506837] 8021q: 802.1Q VLAN Support v1.8
Aug 12 15:15:39 raspberrypi kernel: [   21.689453] Adding 102396k swap on /var/swap.  Priority:-2 extents:1 across:102396k SSFS
Aug 12 15:15:39 raspberrypi kernel: [   21.968609] ieee80211 phy0: rt2x00lib_request_firmware: Info - Loading firmware file 'rt2870.bin'
Aug 12 15:15:39 raspberrypi kernel: [   21.971350] ieee80211 phy0: rt2x00lib_request_firmware: Info - Firmware detected - version: 0.36
Aug 12 15:15:39 raspberrypi kernel: [   22.620789] smsc95xx 1-1.1:1.0 eth0: hardware isn't capable of remote wakeup
Aug 12 15:15:41 raspberrypi kernel: [   23.655641] wlan0: authenticate with 60:3d:26:98:3e:8a
Aug 12 15:15:41 raspberrypi kernel: [   23.693478] wlan0: send auth to 60:3d:26:98:3e:8a (try 1/3)
Aug 12 15:15:41 raspberrypi kernel: [   23.695405] wlan0: authenticated
Aug 12 15:15:41 raspberrypi kernel: [   23.697138] wlan0: associate with 60:3d:26:98:3e:8a (try 1/3)
Aug 12 15:15:41 raspberrypi kernel: [   23.701051] wlan0: RX AssocResp from 60:3d:26:98:3e:8a (capab=0x1411 status=0 aid=1)
Aug 12 15:15:41 raspberrypi kernel: [   23.710632] wlan0: associated
Aug 12 15:15:41 raspberrypi kernel: [   23.861081] cryptd: max_cpu_qlen set to 1000
Aug 12 15:15:41 raspberrypi kernel: [   23.910468] IPv6: ADDRCONF(NETDEV_CHANGE): wlan0: link becomes ready
Aug 12 15:15:41 raspberrypi kernel: [   24.218374] smsc95xx 1-1.1:1.0 eth0: link up, 100Mbps, full-duplex, lpa 0xC5E1
Aug 12 15:15:45 raspberrypi kernel: [   28.605051] ICMPv6: process `dhcpcd' is using deprecated sysctl (syscall) net.ipv6.neigh.eth0.retrans_time - use net.ipv6.neigh.eth0.retrans_time_ms instead
Aug 12 15:15:48 raspberrypi lircd-0.10.1[471]: Info: lircd:  Opening log, level: Info
Aug 12 15:15:48 raspberrypi lircd-0.10.1[471]: Notice: Version: lircd 0.10.1
Aug 12 15:15:48 raspberrypi lircd-0.10.1[471]: Notice: System info: Linux raspberrypi 5.4.51-v7+ #1327 SMP Thu Jul 23 10:58:46 BST 2020 armv7l GNU/Linux
Aug 12 15:15:48 raspberrypi lircd-0.10.1[471]: Info: Initial device: /dev/lirc0
Aug 12 15:15:48 raspberrypi lircd-0.10.1[471]: Info: Initial device: /dev/lirc0
Aug 12 15:15:48 raspberrypi lircd-0.10.1[471]: Notice: Options: driver: default
Aug 12 15:15:48 raspberrypi lircd-0.10.1[471]: Notice: Options: output: /var/run/lirc/lircd
Aug 12 15:15:48 raspberrypi lircd-0.10.1[471]: Notice: Options: nodaemon: 1
Aug 12 15:15:48 raspberrypi lircd-0.10.1[471]: Notice: Options: plugindir: /usr/lib/arm-linux-gnueabihf/lirc/plugins
Aug 12 15:15:48 raspberrypi lircd-0.10.1[471]: Notice: Options: logfile: syslog
Aug 12 15:15:48 raspberrypi lircd-0.10.1[471]: Notice: Options: immediate-init: 0
Aug 12 15:15:48 raspberrypi lircd-0.10.1[471]: Notice: Options: permission: 666
Aug 12 15:15:48 raspberrypi lircd-0.10.1[471]: Notice: Options: driver-options: 
Aug 12 15:15:48 raspberrypi lircd-0.10.1[471]: Notice: Options: pidfile: /var/run/lirc/lircd.pid
Aug 12 15:15:48 raspberrypi lircd-0.10.1[471]: Notice: Options: listen: 0
Aug 12 15:15:48 raspberrypi lircd-0.10.1[471]: Notice: Options: connect: (null)
Aug 12 15:15:48 raspberrypi lircd-0.10.1[471]: Notice: Options: userelease: 0
Aug 12 15:15:48 raspberrypi lircd-0.10.1[471]: Notice: Options: effective_user: (null)
Aug 12 15:15:48 raspberrypi lircd-0.10.1[471]: Notice: Options: release_suffix: _EVUP
Aug 12 15:15:48 raspberrypi lircd-0.10.1[471]: Notice: Options: allow_simulate: 0
Aug 12 15:15:48 raspberrypi lircd-0.10.1[471]: Notice: Options: repeat_max: 600
Aug 12 15:15:48 raspberrypi lircd-0.10.1[471]: Notice: Options: configfile: /etc/lirc/lircd.conf
Aug 12 15:15:48 raspberrypi lircd-0.10.1[471]: Notice: Options: dynamic_codes: (null)
Aug 12 15:15:48 raspberrypi lircd-0.10.1[471]: Notice: Current driver: default
Aug 12 15:15:48 raspberrypi lircd-0.10.1[471]: Notice: Driver API version: 3
Aug 12 15:15:48 raspberrypi lircd-0.10.1[471]: Notice: Driver  version: 0.10.0
Aug 12 15:15:48 raspberrypi lircd-0.10.1[471]: Notice: Driver  info: See file:///usr/share/doc/lirc/plugindocs/default.html
Aug 12 15:15:48 raspberrypi lircd-0.10.1[471]: Info: lircd:  Opening log, level: Info
Aug 12 15:15:48 raspberrypi lircd-0.10.1[471]: Notice: Using systemd fd
Aug 12 15:15:48 raspberrypi lircd-0.10.1[471]: Warning: Running as root
Aug 12 15:15:48 raspberrypi lircd-0.10.1[471]: Info: Using remote: devinput-64.
Aug 12 15:15:48 raspberrypi lircd-0.10.1[471]: Notice: /etc/lirc/lircd.conf.d/devinput.lircd.conf: devinput-64: Multiple values for same code: BTN_MISC
Aug 12 15:15:48 raspberrypi lircd-0.10.1[471]: Notice: /etc/lirc/lircd.conf.d/devinput.lircd.conf: devinput-64: Multiple values for same code: BTN_MOUSE
Aug 12 15:15:48 raspberrypi lircd-0.10.1[471]: Notice: /etc/lirc/lircd.conf.d/devinput.lircd.conf: devinput-64: Multiple values for same code: BTN_SOUTH
Aug 12 15:15:49 raspberrypi lircd-0.10.1[471]: Notice: /etc/lirc/lircd.conf.d/devinput.lircd.conf: devinput-64: Multiple values for same code: BTN_TOOL_PEN
Aug 12 15:15:49 raspberrypi lircd-0.10.1[471]: Notice: /etc/lirc/lircd.conf.d/devinput.lircd.conf: devinput-64: Multiple values for same code: BTN_TRIGGER
Aug 12 15:15:49 raspberrypi lircd-0.10.1[471]: Notice: /etc/lirc/lircd.conf.d/devinput.lircd.conf: devinput-64: Multiple values for same code: BTN_TRIGGER_HAPPY1
Aug 12 15:15:49 raspberrypi lircd-0.10.1[471]: Notice: /etc/lirc/lircd.conf.d/devinput.lircd.conf: devinput-64: Multiple values for same code: BTN_WHEEL
Aug 12 15:15:49 raspberrypi lircd-0.10.1[471]: Info: Using remote: devinput-32.
Aug 12 15:15:49 raspberrypi lircd-0.10.1[471]: Notice: /etc/lirc/lircd.conf.d/devinput.lircd.conf: devinput-32: Multiple values for same code: BTN_MISC
Aug 12 15:15:49 raspberrypi lircd-0.10.1[471]: Notice: /etc/lirc/lircd.conf.d/devinput.lircd.conf: devinput-32: Multiple values for same code: BTN_MOUSE
Aug 12 15:15:49 raspberrypi lircd-0.10.1[471]: Notice: /etc/lirc/lircd.conf.d/devinput.lircd.conf: devinput-32: Multiple values for same code: BTN_SOUTH
Aug 12 15:15:49 raspberrypi lircd-0.10.1[471]: Notice: /etc/lirc/lircd.conf.d/devinput.lircd.conf: devinput-32: Multiple values for same code: BTN_TOOL_PEN
Aug 12 15:15:49 raspberrypi lircd-0.10.1[471]: Notice: /etc/lirc/lircd.conf.d/devinput.lircd.conf: devinput-32: Multiple values for same code: BTN_TRIGGER
Aug 12 15:15:49 raspberrypi lircd-0.10.1[471]: Notice: /etc/lirc/lircd.conf.d/devinput.lircd.conf: devinput-32: Multiple values for same code: BTN_TRIGGER_HAPPY1
Aug 12 15:15:49 raspberrypi lircd-0.10.1[471]: Notice: /etc/lirc/lircd.conf.d/devinput.lircd.conf: devinput-32: Multiple values for same code: BTN_WHEEL
Aug 12 15:15:49 raspberrypi lircd-0.10.1[471]: Notice: lircd(default) ready, using /var/run/lirc/lircd
Aug 12 15:34:46 raspberrypi kernel: [    0.000000] Booting Linux on physical CPU 0xf00
Aug 12 15:34:46 raspberrypi kernel: [    0.000000] Linux version 5.4.51-v7+ (dom@buildbot) (gcc version 4.9.3 (crosstool-NG crosstool-ng-1.22.0-88-g8460611)) #1327 SMP Thu Jul 23 10:58:46 BST 2020
Aug 12 15:34:46 raspberrypi kernel: [    0.000000] CPU: ARMv7 Processor [410fc075] revision 5 (ARMv7), cr=10c5387d
Aug 12 15:34:46 raspberrypi kernel: [    0.000000] CPU: div instructions available: patching division code
Aug 12 15:34:46 raspberrypi kernel: [    0.000000] CPU: PIPT / VIPT nonaliasing data cache, VIPT aliasing instruction cache
Aug 12 15:34:46 raspberrypi kernel: [    0.000000] OF: fdt: Machine model: Raspberry Pi 2 Model B Rev 1.1
Aug 12 15:34:46 raspberrypi kernel: [    0.000000] Memory policy: Data cache writealloc
Aug 12 15:34:46 raspberrypi kernel: [    0.000000] Reserved memory: created CMA memory pool at 0x37400000, size 64 MiB
Aug 12 15:34:46 raspberrypi kernel: [    0.000000] OF: reserved mem: initialized node linux,cma, compatible id shared-dma-pool
Aug 12 15:34:46 raspberrypi kernel: [    0.000000] percpu: Embedded 20 pages/cpu s49792 r8192 d23936 u81920
Aug 12 15:34:46 raspberrypi kernel: [    0.000000] Built 1 zonelists, mobility grouping on.  Total pages: 240792
Aug 12 15:34:46 raspberrypi kernel: [    0.000000] Kernel command line: coherent_pool=1M snd_bcm2835.enable_compat_alsa=0 snd_bcm2835.enable_hdmi=1 snd_bcm2835.enable_headphones=1 bcm2708_fb.fbwidth=656 bcm2708_fb.fbheight=416 bcm2708_fb.fbswap=1 vc_mem.mem_base=0x3ec00000 vc_mem.mem_size=0x40000000  console=tty1 root=PARTUUID=738a4d67-02 rootfstype=ext4 elevator=deadline fsck.repair=yes rootwait
Aug 12 15:34:46 raspberrypi kernel: [    0.000000] Dentry cache hash table entries: 131072 (order: 7, 524288 bytes, linear)
Aug 12 15:34:46 raspberrypi kernel: [    0.000000] Inode-cache hash table entries: 65536 (order: 6, 262144 bytes, linear)
Aug 12 15:34:46 raspberrypi kernel: [    0.000000] mem auto-init: stack:off, heap alloc:off, heap free:off
Aug 12 15:34:46 raspberrypi kernel: [    0.000000] Memory: 882480K/970752K available (8192K kernel code, 681K rwdata, 2532K rodata, 1024K init, 824K bss, 22736K reserved, 65536K cma-reserved)
Aug 12 15:34:46 raspberrypi kernel: [    0.000000] SLUB: HWalign=64, Order=0-3, MinObjects=0, CPUs=4, Nodes=1
Aug 12 15:34:46 raspberrypi kernel: [    0.000000] ftrace: allocating 27966 entries in 55 pages
Aug 12 15:34:46 raspberrypi kernel: [    0.000000] rcu: Hierarchical RCU implementation.
Aug 12 15:34:46 raspberrypi kernel: [    0.000000] rcu: RCU calculated value of scheduler-enlistment delay is 10 jiffies.
Aug 12 15:34:46 raspberrypi kernel: [    0.000000] NR_IRQS: 16, nr_irqs: 16, preallocated irqs: 16
Aug 12 15:34:46 raspberrypi kernel: [    0.000000] random: get_random_bytes called from start_kernel+0x328/0x4e8 with crng_init=0
Aug 12 15:34:46 raspberrypi kernel: [    0.000000] arch_timer: cp15 timer(s) running at 19.20MHz (phys).
Aug 12 15:34:46 raspberrypi kernel: [    0.000000] clocksource: arch_sys_counter: mask: 0xffffffffffffff max_cycles: 0x46d987e47, max_idle_ns: 440795202767 ns
Aug 12 15:34:46 raspberrypi kernel: [    0.000011] sched_clock: 56 bits at 19MHz, resolution 52ns, wraps every 4398046511078ns
Aug 12 15:34:46 raspberrypi kernel: [    0.000030] Switching to timer-based delay loop, resolution 52ns
Aug 12 15:34:46 raspberrypi kernel: [    0.000367] Console: colour dummy device 80x30
Aug 12 15:34:46 raspberrypi kernel: [    0.001029] printk: console [tty1] enabled
Aug 12 15:34:46 raspberrypi kernel: [    0.001118] Calibrating delay loop (skipped), value calculated using timer frequency.. 38.40 BogoMIPS (lpj=192000)
Aug 12 15:34:46 raspberrypi kernel: [    0.001177] pid_max: default: 32768 minimum: 301
Aug 12 15:34:46 raspberrypi kernel: [    0.001610] Mount-cache hash table entries: 2048 (order: 1, 8192 bytes, linear)
Aug 12 15:34:46 raspberrypi kernel: [    0.001671] Mountpoint-cache hash table entries: 2048 (order: 1, 8192 bytes, linear)
Aug 12 15:34:46 raspberrypi kernel: [    0.003270] CPU: Testing write buffer coherency: ok
Aug 12 15:34:46 raspberrypi kernel: [    0.004117] CPU0: update cpu_capacity 1024
Aug 12 15:34:46 raspberrypi kernel: [    0.004164] CPU0: thread -1, cpu 0, socket 15, mpidr 80000f00
Aug 12 15:34:46 raspberrypi kernel: [    0.005540] Setting up static identity map for 0x100000 - 0x10003c
Aug 12 15:34:46 raspberrypi kernel: [    0.005864] rcu: Hierarchical SRCU implementation.
Aug 12 15:34:46 raspberrypi kernel: [    0.006848] smp: Bringing up secondary CPUs ...
Aug 12 15:34:46 raspberrypi kernel: [    0.008501] CPU1: update cpu_capacity 1024
Aug 12 15:34:46 raspberrypi kernel: [    0.008512] CPU1: thread -1, cpu 1, socket 15, mpidr 80000f01
Aug 12 15:34:46 raspberrypi kernel: [    0.010572] CPU2: update cpu_capacity 1024
Aug 12 15:34:46 raspberrypi kernel: [    0.010583] CPU2: thread -1, cpu 2, socket 15, mpidr 80000f02
Aug 12 15:34:46 raspberrypi kernel: [    0.012269] CPU3: update cpu_capacity 1024
Aug 12 15:34:46 raspberrypi kernel: [    0.012280] CPU3: thread -1, cpu 3, socket 15, mpidr 80000f03
Aug 12 15:34:46 raspberrypi kernel: [    0.012486] smp: Brought up 1 node, 4 CPUs
Aug 12 15:34:46 raspberrypi kernel: [    0.012607] SMP: Total of 4 processors activated (153.60 BogoMIPS).
Aug 12 15:34:46 raspberrypi kernel: [    0.012640] CPU: All CPU(s) started in HYP mode.
Aug 12 15:34:46 raspberrypi kernel: [    0.012669] CPU: Virtualization extensions available.
Aug 12 15:34:46 raspberrypi kernel: [    0.013958] devtmpfs: initialized
Aug 12 15:34:46 raspberrypi kernel: [    0.033618] VFP support v0.3: implementor 41 architecture 2 part 30 variant 7 rev 5
Aug 12 15:34:46 raspberrypi kernel: [    0.034079] clocksource: jiffies: mask: 0xffffffff max_cycles: 0xffffffff, max_idle_ns: 19112604462750000 ns
Aug 12 15:34:46 raspberrypi kernel: [    0.034155] futex hash table entries: 1024 (order: 4, 65536 bytes, linear)
Aug 12 15:34:46 raspberrypi kernel: [    0.038040] pinctrl core: initialized pinctrl subsystem
Aug 12 15:34:46 raspberrypi kernel: [    0.039696] NET: Registered protocol family 16
Aug 12 15:34:46 raspberrypi kernel: [    0.044698] DMA: preallocated 1024 KiB pool for atomic coherent allocations
Aug 12 15:34:46 raspberrypi kernel: [    0.052797] hw-breakpoint: found 5 (+1 reserved) breakpoint and 4 watchpoint registers.
Aug 12 15:34:46 raspberrypi kernel: [    0.052859] hw-breakpoint: maximum watchpoint size is 8 bytes.
Aug 12 15:34:46 raspberrypi kernel: [    0.053174] Serial: AMBA PL011 UART driver
Aug 12 15:34:46 raspberrypi kernel: [    0.055961] bcm2835-mbox 3f00b880.mailbox: mailbox enabled
Aug 12 15:34:46 raspberrypi kernel: [    0.078752] raspberrypi-firmware soc:firmware: Attached to firmware from 2020-07-17 11:04, variant start
Aug 12 15:34:46 raspberrypi kernel: [    0.088766] raspberrypi-firmware soc:firmware: Firmware hash is 21a15cb094f41c7506ad65d2cb9b29c550693057
Aug 12 15:34:46 raspberrypi kernel: [    0.151090] bcm2835-dma 3f007000.dma: DMA legacy API manager, dmachans=0x1
Aug 12 15:34:46 raspberrypi kernel: [    0.153896] SCSI subsystem initialized
Aug 12 15:34:46 raspberrypi kernel: [    0.154294] usbcore: registered new interface driver usbfs
Aug 12 15:34:46 raspberrypi kernel: [    0.154409] usbcore: registered new interface driver hub
Aug 12 15:34:46 raspberrypi kernel: [    0.154626] usbcore: registered new device driver usb
Aug 12 15:34:46 raspberrypi kernel: [    0.157081] clocksource: Switched to clocksource arch_sys_counter
Aug 12 15:34:46 raspberrypi mtp-probe: checking bus 1, device 3: "/sys/devices/platform/soc/3f980000.usb/usb1/1-1/1-1.1"
Aug 12 15:34:46 raspberrypi kernel: [    1.313268] VFS: Disk quotas dquot_6.6.0
Aug 12 15:34:46 raspberrypi kernel: [    1.313456] VFS: Dquot-cache hash table entries: 1024 (order 0, 4096 bytes)
Aug 12 15:34:46 raspberrypi kernel: [    1.313755] FS-Cache: Loaded
Aug 12 15:34:46 raspberrypi kernel: [    1.314134] CacheFiles: Loaded
Aug 12 15:34:46 raspberrypi mtp-probe: bus: 1, device: 3 was not an MTP device
Aug 12 15:34:46 raspberrypi kernel: [    1.328024] thermal_sys: Registered thermal governor 'step_wise'
Aug 12 15:34:46 raspberrypi kernel: [    1.328597] NET: Registered protocol family 2
Aug 12 15:34:46 raspberrypi kernel: [    1.329859] tcp_listen_portaddr_hash hash table entries: 512 (order: 0, 6144 bytes, linear)
Aug 12 15:34:46 raspberrypi kernel: [    1.329943] TCP established hash table entries: 8192 (order: 3, 32768 bytes, linear)
Aug 12 15:34:46 raspberrypi kernel: [    1.330117] TCP bind hash table entries: 8192 (order: 4, 65536 bytes, linear)
Aug 12 15:34:46 raspberrypi kernel: [    1.330338] TCP: Hash tables configured (established 8192 bind 8192)
Aug 12 15:34:46 raspberrypi kernel: [    1.330592] UDP hash table entries: 512 (order: 2, 16384 bytes, linear)
Aug 12 15:34:46 raspberrypi kernel: [    1.330693] UDP-Lite hash table entries: 512 (order: 2, 16384 bytes, linear)
Aug 12 15:34:46 raspberrypi kernel: [    1.331140] NET: Registered protocol family 1
Aug 12 15:34:46 raspberrypi kernel: [    1.332382] RPC: Registered named UNIX socket transport module.
Aug 12 15:34:46 raspberrypi kernel: [    1.332432] RPC: Registered udp transport module.
Aug 12 15:34:46 raspberrypi kernel: [    1.332464] RPC: Registered tcp transport module.
Aug 12 15:34:46 raspberrypi kernel: [    1.332494] RPC: Registered tcp NFSv4.1 backchannel transport module.
Aug 12 15:34:46 raspberrypi kernel: [    1.334481] hw perfevents: enabled with armv7_cortex_a7 PMU driver, 5 counters available
Aug 12 15:34:46 raspberrypi kernel: [    1.338915] Initialise system trusted keyrings
Aug 12 15:34:46 raspberrypi kernel: [    1.339402] workingset: timestamp_bits=30 max_order=18 bucket_order=0
Aug 12 15:34:46 raspberrypi kernel: [    1.352939] FS-Cache: Netfs 'nfs' registered for caching
Aug 12 15:34:46 raspberrypi kernel: [    1.353957] NFS: Registering the id_resolver key type
Aug 12 15:34:46 raspberrypi kernel: [    1.354051] Key type id_resolver registered
Aug 12 15:34:46 raspberrypi kernel: [    1.354084] Key type id_legacy registered
Aug 12 15:34:46 raspberrypi kernel: [    1.354129] nfs4filelayout_init: NFSv4 File Layout Driver Registering...
Aug 12 15:34:46 raspberrypi kernel: [    1.355796] Key type asymmetric registered
Aug 12 15:34:46 raspberrypi kernel: [    1.355843] Asymmetric key parser 'x509' registered
Aug 12 15:34:46 raspberrypi kernel: [    1.355937] Block layer SCSI generic (bsg) driver version 0.4 loaded (major 249)
Aug 12 15:34:46 raspberrypi kernel: [    1.355984] io scheduler mq-deadline registered
Aug 12 15:34:46 raspberrypi kernel: [    1.356016] io scheduler kyber registered
Aug 12 15:34:46 raspberrypi kernel: [    1.359458] bcm2708_fb soc:fb: FB found 1 display(s)
Aug 12 15:34:46 raspberrypi kernel: [    1.373613] Console: switching to colour frame buffer device 82x26
Aug 12 15:34:46 raspberrypi kernel: [    1.381528] bcm2708_fb soc:fb: Registered framebuffer for display 0, size 656x416
Aug 12 15:34:46 raspberrypi kernel: [    1.393355] bcm2835-rng 3f104000.rng: hwrng registered
Aug 12 15:34:46 raspberrypi kernel: [    1.396889] vc-mem: phys_addr:0x00000000 mem_base=0x3ec00000 mem_size:0x40000000(1024 MiB)
Aug 12 15:34:46 raspberrypi kernel: [    1.403631] vc-sm: Videocore shared memory driver
Aug 12 15:34:46 raspberrypi kernel: [    1.407277] gpiomem-bcm2835 3f200000.gpiomem: Initialised: Registers at 0x3f200000
Aug 12 15:34:46 raspberrypi kernel: [    1.429922] brd: module loaded
Aug 12 15:34:46 raspberrypi kernel: [    1.449294] loop: module loaded
Aug 12 15:34:46 raspberrypi kernel: [    1.454006] Loading iSCSI transport class v2.0-870.
Aug 12 15:34:46 raspberrypi kernel: [    1.458356] libphy: Fixed MDIO Bus: probed
Aug 12 15:34:46 raspberrypi kernel: [    1.461418] usbcore: registered new interface driver lan78xx
Aug 12 15:34:46 raspberrypi kernel: [    1.464431] usbcore: registered new interface driver smsc95xx
Aug 12 15:34:46 raspberrypi kernel: [    1.467360] dwc_otg: version 3.00a 10-AUG-2012 (platform bus)
Aug 12 15:34:46 raspberrypi kernel: [    2.198522] Core Release: 2.80a
Aug 12 15:34:46 raspberrypi kernel: [    2.201243] Setting default values for core params
Aug 12 15:34:46 raspberrypi kernel: [    2.204009] Finished setting default values for core params
Aug 12 15:34:46 raspberrypi kernel: [    2.407385] Using Buffer DMA mode
Aug 12 15:34:46 raspberrypi kernel: [    2.410159] Periodic Transfer Interrupt Enhancement - disabled
Aug 12 15:34:46 raspberrypi kernel: [    2.412984] Multiprocessor Interrupt Enhancement - disabled
Aug 12 15:34:46 raspberrypi kernel: [    2.415779] OTG VER PARAM: 0, OTG VER FLAG: 0
Aug 12 15:34:46 raspberrypi kernel: [    2.418576] Dedicated Tx FIFOs mode
Aug 12 15:34:46 raspberrypi kernel: [    2.421965] WARN::dwc_otg_hcd_init:1074: FIQ DMA bounce buffers: virt = b7514000 dma = 0xf7514000 len=9024
Aug 12 15:34:46 raspberrypi kernel: [    2.427372] FIQ FSM acceleration enabled for :
Aug 12 15:34:46 raspberrypi kernel: [    2.427372] Non-periodic Split Transactions
Aug 12 15:34:46 raspberrypi kernel: [    2.427372] Periodic Split Transactions
Aug 12 15:34:46 raspberrypi kernel: [    2.427372] High-Speed Isochronous Endpoints
Aug 12 15:34:46 raspberrypi kernel: [    2.427372] Interrupt/Control Split Transaction hack enabled
Aug 12 15:34:46 raspberrypi kernel: [    2.440007] WARN::hcd_init_fiq:457: FIQ on core 1
Aug 12 15:34:46 raspberrypi kernel: [    2.442554] WARN::hcd_init_fiq:458: FIQ ASM at 806bdcbc length 36
Aug 12 15:34:46 raspberrypi kernel: [    2.445108] WARN::hcd_init_fiq:497: MPHI regs_base at bb810000
Aug 12 15:34:46 raspberrypi kernel: [    2.447668] dwc_otg 3f980000.usb: DWC OTG Controller
Aug 12 15:34:46 raspberrypi kernel: [    2.450292] dwc_otg 3f980000.usb: new USB bus registered, assigned bus number 1
Aug 12 15:34:46 raspberrypi kernel: [    2.452987] dwc_otg 3f980000.usb: irq 56, io mem 0x00000000
Aug 12 15:34:46 raspberrypi kernel: [    2.455601] Init: Port Power? op_state=1
Aug 12 15:34:46 raspberrypi kernel: [    2.458173] Init: Power Port (0)
Aug 12 15:34:46 raspberrypi kernel: [    2.461145] usb usb1: New USB device found, idVendor=1d6b, idProduct=0002, bcdDevice= 5.04
Aug 12 15:34:46 raspberrypi kernel: [    2.466246] usb usb1: New USB device strings: Mfr=3, Product=2, SerialNumber=1
Aug 12 15:34:46 raspberrypi kernel: [    2.469040] usb usb1: Product: DWC OTG Controller
Aug 12 15:34:46 raspberrypi kernel: [    2.471723] usb usb1: Manufacturer: Linux 5.4.51-v7+ dwc_otg_hcd
Aug 12 15:34:46 raspberrypi kernel: [    2.474463] usb usb1: SerialNumber: 3f980000.usb
Aug 12 15:34:46 raspberrypi kernel: [    2.478070] hub 1-0:1.0: USB hub found
Aug 12 15:34:46 raspberrypi kernel: [    2.480685] hub 1-0:1.0: 1 port detected
Aug 12 15:34:46 raspberrypi kernel: [    2.484705] usbcore: registered new interface driver usb-storage
Aug 12 15:34:46 raspberrypi kernel: [    2.487698] mousedev: PS/2 mouse device common for all mice
Aug 12 15:34:46 raspberrypi kernel: [    2.492056] bcm2835-wdt bcm2835-wdt: Broadcom BCM2835 watchdog timer
Aug 12 15:34:46 raspberrypi kernel: [    2.497750] sdhci: Secure Digital Host Controller Interface driver
Aug 12 15:34:46 raspberrypi kernel: [    2.500513] sdhci: Copyright(c) Pierre Ossman
Aug 12 15:34:46 raspberrypi kernel: [    2.503987] sdhost-bcm2835 3f202000.mmc: could not get clk, deferring probe
Aug 12 15:34:46 raspberrypi kernel: [    2.507154] sdhci-pltfm: SDHCI platform and OF driver helper
Aug 12 15:34:46 raspberrypi kernel: [    2.511158] ledtrig-cpu: registered to indicate activity on CPUs
Aug 12 15:34:46 raspberrypi kernel: [    2.514458] hidraw: raw HID events driver (C) Jiri Kosina
Aug 12 15:34:46 raspberrypi kernel: [    2.517642] usbcore: registered new interface driver usbhid
Aug 12 15:34:46 raspberrypi kernel: [    2.520520] usbhid: USB HID core driver
Aug 12 15:34:46 raspberrypi kernel: [    2.524514] vchiq: vchiq_init_state: slot_zero = (ptrval)
Aug 12 15:34:46 raspberrypi kernel: [    2.529675] [vc_sm_connected_init]: start
Aug 12 15:34:46 raspberrypi kernel: [    2.538875] [vc_sm_connected_init]: end - returning 0
Aug 12 15:34:46 raspberrypi kernel: [    2.544120] Initializing XFRM netlink socket
Aug 12 15:34:46 raspberrypi kernel: [    2.546803] NET: Registered protocol family 17
Aug 12 15:34:46 raspberrypi kernel: [    2.549633] Key type dns_resolver registered
Aug 12 15:34:46 raspberrypi kernel: [    2.552784] Registering SWP/SWPB emulation handler
Aug 12 15:34:46 raspberrypi kernel: [    2.555865] registered taskstats version 1
Aug 12 15:34:46 raspberrypi kernel: [    2.558489] Loading compiled-in X.509 certificates
Aug 12 15:34:46 raspberrypi kernel: [    2.561740] Key type ._fscrypt registered
Aug 12 15:34:46 raspberrypi kernel: [    2.564326] Key type .fscrypt registered
Aug 12 15:34:46 raspberrypi kernel: [    2.580209] uart-pl011 3f201000.serial: cts_event_workaround enabled
Aug 12 15:34:46 raspberrypi kernel: [    2.582941] 3f201000.serial: ttyAMA0 at MMIO 0x3f201000 (irq = 81, base_baud = 0) is a PL011 rev2
Aug 12 15:34:46 raspberrypi kernel: [    2.590603] bcm2835-power bcm2835-power: Broadcom BCM2835 power domains driver
Aug 12 15:34:46 raspberrypi kernel: [    2.595692] sdhost: log_buf @ (ptrval) (f7513000)
Aug 12 15:34:46 raspberrypi kernel: [    2.646510] mmc0: sdhost-bcm2835 loaded - DMA enabled (>1)
Aug 12 15:34:46 raspberrypi kernel: [    2.652397] of_cfs_init
Aug 12 15:34:46 raspberrypi kernel: [    2.655155] of_cfs_init: OK
Aug 12 15:34:46 raspberrypi kernel: [    2.679285] Waiting for root device PARTUUID=738a4d67-02...
Aug 12 15:34:46 raspberrypi kernel: [    2.697298] Indeed it is in host mode hprt0 = 00021501
Aug 12 15:34:46 raspberrypi kernel: [    2.786288] random: fast init done
Aug 12 15:34:46 raspberrypi kernel: [    2.809479] mmc0: host does not support reading read-only switch, assuming write-enable
Aug 12 15:34:46 raspberrypi kernel: [    2.819076] mmc0: new high speed SDHC card at address aaaa
Aug 12 15:34:46 raspberrypi kernel: [    2.823225] mmcblk0: mmc0:aaaa SL08G 7.40 GiB
Aug 12 15:34:46 raspberrypi kernel: [    2.829600]  mmcblk0: p1 p2
Aug 12 15:34:46 raspberrypi kernel: [    2.863342] EXT4-fs (mmcblk0p2): INFO: recovery required on readonly filesystem
Aug 12 15:34:46 raspberrypi kernel: [    2.866327] EXT4-fs (mmcblk0p2): write access will be enabled during recovery
Aug 12 15:34:46 raspberrypi kernel: [    2.907153] usb 1-1: new high-speed USB device number 2 using dwc_otg
Aug 12 15:34:46 raspberrypi kernel: [    2.910438] Indeed it is in host mode hprt0 = 00001101
Aug 12 15:34:46 raspberrypi kernel: [    3.007788] EXT4-fs (mmcblk0p2): recovery complete
Aug 12 15:34:46 raspberrypi kernel: [    3.018188] EXT4-fs (mmcblk0p2): mounted filesystem with ordered data mode. Opts: (null)
Aug 12 15:34:46 raspberrypi kernel: [    3.024137] VFS: Mounted root (ext4 filesystem) readonly on device 179:2.
Aug 12 15:34:46 raspberrypi kernel: [    3.036005] devtmpfs: mounted
Aug 12 15:34:46 raspberrypi kernel: [    3.046574] Freeing unused kernel memory: 1024K
Aug 12 15:34:46 raspberrypi kernel: [    3.049874] Run /sbin/init as init process
Aug 12 15:34:46 raspberrypi kernel: [    3.157647] usb 1-1: New USB device found, idVendor=0424, idProduct=9514, bcdDevice= 2.00
Aug 12 15:34:46 raspberrypi kernel: [    3.163824] usb 1-1: New USB device strings: Mfr=0, Product=0, SerialNumber=0
Aug 12 15:34:46 raspberrypi kernel: [    3.168154] hub 1-1:1.0: USB hub found
Aug 12 15:34:46 raspberrypi kernel: [    3.171544] hub 1-1:1.0: 5 ports detected
Aug 12 15:34:46 raspberrypi kernel: [    3.487168] usb 1-1.1: new high-speed USB device number 3 using dwc_otg
Aug 12 15:34:46 raspberrypi kernel: [    3.617673] usb 1-1.1: New USB device found, idVendor=0424, idProduct=ec00, bcdDevice= 2.00
Aug 12 15:34:46 raspberrypi kernel: [    3.623856] usb 1-1.1: New USB device strings: Mfr=0, Product=0, SerialNumber=0
Aug 12 15:34:46 raspberrypi kernel: [    3.630342] smsc95xx v1.0.6
Aug 12 15:34:46 raspberrypi kernel: [    3.723335] smsc95xx 1-1.1:1.0 eth0: register 'smsc95xx' at usb-3f980000.usb-1.1, smsc95xx USB 2.0 Ethernet, b8:27:eb:7c:20:bc
Aug 12 15:34:46 raspberrypi kernel: [    3.890004] NET: Registered protocol family 10
Aug 12 15:34:46 raspberrypi kernel: [    3.895365] Segment Routing with IPv6
Aug 12 15:34:46 raspberrypi kernel: [    5.186280] random: systemd: uninitialized urandom read (16 bytes read)
Aug 12 15:34:46 raspberrypi kernel: [    5.207880] random: systemd: uninitialized urandom read (16 bytes read)
Aug 12 15:34:46 raspberrypi kernel: [    5.263391] random: systemd: uninitialized urandom read (16 bytes read)
Aug 12 15:34:46 raspberrypi kernel: [    6.475315] EXT4-fs (mmcblk0p2): re-mounted. Opts: (null)
Aug 12 15:34:46 raspberrypi kernel: [    7.268407] rc rc0: GPIO IR Bit Banging Transmitter as /devices/platform/gpio-ir-transmitter@12/rc/rc0
Aug 12 15:34:46 raspberrypi kernel: [    7.268827] rc rc0: lirc_dev: driver gpio-ir-tx registered at minor = 0, no receiver, raw IR transmitter
Aug 12 15:34:46 raspberrypi kernel: [    7.357423] mc: Linux media interface: v0.10
Aug 12 15:34:46 raspberrypi kernel: [    7.378601] vc_sm_cma: module is from the staging directory, the quality is unknown, you have been warned.
Aug 12 15:34:46 raspberrypi kernel: [    7.381880] bcm2835_vc_sm_cma_probe: Videocore shared memory driver
Aug 12 15:34:46 raspberrypi kernel: [    7.381912] [vc_sm_connected_init]: start
Aug 12 15:34:46 raspberrypi kernel: [    7.394932] [vc_sm_connected_init]: installed successfully
Aug 12 15:34:46 raspberrypi kernel: [    7.401443] videodev: Linux video capture interface: v2.00
Aug 12 15:34:46 raspberrypi kernel: [    7.479294] bcm2835_mmal_vchiq: module is from the staging directory, the quality is unknown, you have been warned.
Aug 12 15:34:46 raspberrypi kernel: [    7.487469] bcm2835_mmal_vchiq: module is from the staging directory, the quality is unknown, you have been warned.
Aug 12 15:34:46 raspberrypi kernel: [    7.495568] bcm2835_isp: module is from the staging directory, the quality is unknown, you have been warned.
Aug 12 15:34:46 raspberrypi kernel: [    7.511627] bcm2835-isp bcm2835-isp: Device node output[0] registered as /dev/video13
Aug 12 15:34:46 raspberrypi kernel: [    7.512423] bcm2835-isp bcm2835-isp: Device node capture[0] registered as /dev/video14
Aug 12 15:34:46 raspberrypi kernel: [    7.513324] bcm2835-isp bcm2835-isp: Device node capture[1] registered as /dev/video15
Aug 12 15:34:46 raspberrypi kernel: [    7.513982] bcm2835-isp bcm2835-isp: Device node stats[2] registered as /dev/video16
Aug 12 15:34:46 raspberrypi kernel: [    7.514033] bcm2835-isp bcm2835-isp: Register output node 0 with media controller
Aug 12 15:34:46 raspberrypi kernel: [    7.514062] bcm2835-isp bcm2835-isp: Register capture node 1 with media controller
Aug 12 15:34:46 raspberrypi kernel: [    7.514089] bcm2835-isp bcm2835-isp: Register capture node 2 with media controller
Aug 12 15:34:46 raspberrypi kernel: [    7.514129] bcm2835-isp bcm2835-isp: Register capture node 3 with media controller
Aug 12 15:34:46 raspberrypi kernel: [    7.514636] bcm2835-isp bcm2835-isp: Loaded V4L2 bcm2835-isp
Aug 12 15:34:46 raspberrypi kernel: [    7.515425] bcm2835_codec: module is from the staging directory, the quality is unknown, you have been warned.
Aug 12 15:34:46 raspberrypi kernel: [    7.515903] bcm2835_v4l2: module is from the staging directory, the quality is unknown, you have been warned.
Aug 12 15:34:46 raspberrypi kernel: [    7.531357] bcm2835-codec bcm2835-codec: Device registered as /dev/video10
Aug 12 15:34:46 raspberrypi kernel: [    7.531432] bcm2835-codec bcm2835-codec: Loaded V4L2 decode
Aug 12 15:34:46 raspberrypi kernel: [    7.536530] bcm2835-codec bcm2835-codec: Device registered as /dev/video11
Aug 12 15:34:46 raspberrypi kernel: [    7.536613] bcm2835-codec bcm2835-codec: Loaded V4L2 encode
Aug 12 15:34:46 raspberrypi kernel: [    7.544358] snd_bcm2835: module is from the staging directory, the quality is unknown, you have been warned.
Aug 12 15:34:46 raspberrypi kernel: [    7.546258] bcm2835-codec bcm2835-codec: Device registered as /dev/video12
Aug 12 15:34:46 raspberrypi kernel: [    7.546339] bcm2835-codec bcm2835-codec: Loaded V4L2 isp
Aug 12 15:34:46 raspberrypi kernel: [    7.691048] bcm2835_audio bcm2835_audio: card created with 8 channels
Aug 12 15:34:46 raspberrypi kernel: [   10.906824] random: crng init done
Aug 12 15:34:46 raspberrypi kernel: [   10.906852] random: 7 urandom warning(s) missed due to ratelimiting
Aug 12 15:34:46 raspberrypi kernel: [   11.218282] 8021q: 802.1Q VLAN Support v1.8
Aug 12 15:34:46 raspberrypi rsyslogd: imuxsock: Acquired UNIX socket '/run/systemd/journal/syslog' (fd 3) from systemd.  [v8.1901.0]
Aug 12 15:34:46 raspberrypi rsyslogd:  [origin software="rsyslogd" swVersion="8.1901.0" x-pid="299" x-info="https://www.rsyslog.com"] start
Aug 12 15:34:46 raspberrypi kernel: [   11.423306] cfg80211: Loading compiled-in X.509 certificates for regulatory database
Aug 12 15:34:46 raspberrypi kernel: [   11.585478] cfg80211: Loaded X.509 cert 'sforshee: 00b28ddf47aef9cea7'
Aug 12 15:34:46 raspberrypi kernel: [   11.708266] Adding 102396k swap on /var/swap.  Priority:-2 extents:1 across:102396k SSFS
Aug 12 15:34:46 raspberrypi kernel: [   11.850087] smsc95xx 1-1.1:1.0 eth0: hardware isn't capable of remote wakeup
Aug 12 15:34:48 raspberrypi kernel: [   13.438799] smsc95xx 1-1.1:1.0 eth0: link up, 100Mbps, full-duplex, lpa 0xC5E1
Aug 12 15:34:53 raspberrypi kernel: [   18.798420] ICMPv6: process `dhcpcd' is using deprecated sysctl (syscall) net.ipv6.neigh.eth0.retrans_time - use net.ipv6.neigh.eth0.retrans_time_ms instead
Aug 12 15:34:59 raspberrypi lircd-0.10.1[423]: Info: lircd:  Opening log, level: Info
Aug 12 15:34:59 raspberrypi lircd-0.10.1[423]: Notice: Version: lircd 0.10.1
Aug 12 15:34:59 raspberrypi lircd-0.10.1[423]: Notice: System info: Linux raspberrypi 5.4.51-v7+ #1327 SMP Thu Jul 23 10:58:46 BST 2020 armv7l GNU/Linux
Aug 12 15:34:59 raspberrypi lircd-0.10.1[423]: Info: Initial device: /dev/lirc0
Aug 12 15:34:59 raspberrypi lircd-0.10.1[423]: Info: Initial device: /dev/lirc0
Aug 12 15:34:59 raspberrypi lircd-0.10.1[423]: Notice: Options: driver: default
Aug 12 15:34:59 raspberrypi lircd-0.10.1[423]: Notice: Options: output: /var/run/lirc/lircd
Aug 12 15:34:59 raspberrypi lircd-0.10.1[423]: Notice: Options: nodaemon: 1
Aug 12 15:34:59 raspberrypi lircd-0.10.1[423]: Notice: Options: plugindir: /usr/lib/arm-linux-gnueabihf/lirc/plugins
Aug 12 15:34:59 raspberrypi lircd-0.10.1[423]: Notice: Options: logfile: syslog
Aug 12 15:34:59 raspberrypi lircd-0.10.1[423]: Notice: Options: immediate-init: 0
Aug 12 15:34:59 raspberrypi lircd-0.10.1[423]: Notice: Options: permission: 666
Aug 12 15:34:59 raspberrypi lircd-0.10.1[423]: Notice: Options: driver-options: 
Aug 12 15:34:59 raspberrypi lircd-0.10.1[423]: Notice: Options: pidfile: /var/run/lirc/lircd.pid
Aug 12 15:34:59 raspberrypi lircd-0.10.1[423]: Notice: Options: listen: 0
Aug 12 15:34:59 raspberrypi lircd-0.10.1[423]: Notice: Options: connect: (null)
Aug 12 15:34:59 raspberrypi lircd-0.10.1[423]: Notice: Options: userelease: 0
Aug 12 15:34:59 raspberrypi lircd-0.10.1[423]: Notice: Options: effective_user: (null)
Aug 12 15:34:59 raspberrypi lircd-0.10.1[423]: Notice: Options: release_suffix: _EVUP
Aug 12 15:34:59 raspberrypi lircd-0.10.1[423]: Notice: Options: allow_simulate: 0
Aug 12 15:34:59 raspberrypi lircd-0.10.1[423]: Notice: Options: repeat_max: 600
Aug 12 15:34:59 raspberrypi lircd-0.10.1[423]: Notice: Options: configfile: /etc/lirc/lircd.conf
Aug 12 15:34:59 raspberrypi lircd-0.10.1[423]: Notice: Options: dynamic_codes: (null)
Aug 12 15:34:59 raspberrypi lircd-0.10.1[423]: Notice: Current driver: default
Aug 12 15:34:59 raspberrypi lircd-0.10.1[423]: Notice: Driver API version: 3
Aug 12 15:34:59 raspberrypi lircd-0.10.1[423]: Notice: Driver  version: 0.10.0
Aug 12 15:34:59 raspberrypi lircd-0.10.1[423]: Notice: Driver  info: See file:///usr/share/doc/lirc/plugindocs/default.html
Aug 12 15:34:59 raspberrypi lircd-0.10.1[423]: Info: lircd:  Opening log, level: Info
Aug 12 15:34:59 raspberrypi lircd-0.10.1[423]: Notice: Using systemd fd
Aug 12 15:34:59 raspberrypi lircd-0.10.1[423]: Warning: Running as root
Aug 12 15:34:59 raspberrypi lircd-0.10.1[423]: Info: Using remote: devinput-64.
Aug 12 15:34:59 raspberrypi lircd-0.10.1[423]: Notice: /etc/lirc/lircd.conf.d/devinput.lircd.conf: devinput-64: Multiple values for same code: BTN_MISC
Aug 12 15:34:59 raspberrypi lircd-0.10.1[423]: Notice: /etc/lirc/lircd.conf.d/devinput.lircd.conf: devinput-64: Multiple values for same code: BTN_MOUSE
Aug 12 15:34:59 raspberrypi lircd-0.10.1[423]: Notice: /etc/lirc/lircd.conf.d/devinput.lircd.conf: devinput-64: Multiple values for same code: BTN_SOUTH
Aug 12 15:34:59 raspberrypi lircd-0.10.1[423]: Notice: /etc/lirc/lircd.conf.d/devinput.lircd.conf: devinput-64: Multiple values for same code: BTN_TOOL_PEN
Aug 12 15:34:59 raspberrypi lircd-0.10.1[423]: Notice: /etc/lirc/lircd.conf.d/devinput.lircd.conf: devinput-64: Multiple values for same code: BTN_TRIGGER
Aug 12 15:34:59 raspberrypi lircd-0.10.1[423]: Notice: /etc/lirc/lircd.conf.d/devinput.lircd.conf: devinput-64: Multiple values for same code: BTN_TRIGGER_HAPPY1
Aug 12 15:34:59 raspberrypi lircd-0.10.1[423]: Notice: /etc/lirc/lircd.conf.d/devinput.lircd.conf: devinput-64: Multiple values for same code: BTN_WHEEL
Aug 12 15:34:59 raspberrypi lircd-0.10.1[423]: Info: Using remote: devinput-32.
Aug 12 15:34:59 raspberrypi lircd-0.10.1[423]: Notice: /etc/lirc/lircd.conf.d/devinput.lircd.conf: devinput-32: Multiple values for same code: BTN_MISC
Aug 12 15:34:59 raspberrypi lircd-0.10.1[423]: Notice: /etc/lirc/lircd.conf.d/devinput.lircd.conf: devinput-32: Multiple values for same code: BTN_MOUSE
Aug 12 15:34:59 raspberrypi lircd-0.10.1[423]: Notice: /etc/lirc/lircd.conf.d/devinput.lircd.conf: devinput-32: Multiple values for same code: BTN_SOUTH
Aug 12 15:34:59 raspberrypi lircd-0.10.1[423]: Notice: /etc/lirc/lircd.conf.d/devinput.lircd.conf: devinput-32: Multiple values for same code: BTN_TOOL_PEN
Aug 12 15:34:59 raspberrypi lircd-0.10.1[423]: Notice: /etc/lirc/lircd.conf.d/devinput.lircd.conf: devinput-32: Multiple values for same code: BTN_TRIGGER
Aug 12 15:34:59 raspberrypi lircd-0.10.1[423]: Notice: /etc/lirc/lircd.conf.d/devinput.lircd.conf: devinput-32: Multiple values for same code: BTN_TRIGGER_HAPPY1
Aug 12 15:34:59 raspberrypi lircd-0.10.1[423]: Notice: /etc/lirc/lircd.conf.d/devinput.lircd.conf: devinput-32: Multiple values for same code: BTN_WHEEL
Aug 12 15:34:59 raspberrypi lircd-0.10.1[423]: Notice: lircd(default) ready, using /var/run/lirc/lircd
Aug 12 15:39:04 raspberrypi kernel: [    0.000000] Booting Linux on physical CPU 0xf00
Aug 12 15:39:04 raspberrypi kernel: [    0.000000] Linux version 5.4.51-v7+ (dom@buildbot) (gcc version 4.9.3 (crosstool-NG crosstool-ng-1.22.0-88-g8460611)) #1327 SMP Thu Jul 23 10:58:46 BST 2020
Aug 12 15:39:04 raspberrypi kernel: [    0.000000] CPU: ARMv7 Processor [410fc075] revision 5 (ARMv7), cr=10c5387d
Aug 12 15:39:04 raspberrypi kernel: [    0.000000] CPU: div instructions available: patching division code
Aug 12 15:39:04 raspberrypi kernel: [    0.000000] CPU: PIPT / VIPT nonaliasing data cache, VIPT aliasing instruction cache
Aug 12 15:39:04 raspberrypi kernel: [    0.000000] OF: fdt: Machine model: Raspberry Pi 2 Model B Rev 1.1
Aug 12 15:39:04 raspberrypi kernel: [    0.000000] Memory policy: Data cache writealloc
Aug 12 15:39:04 raspberrypi kernel: [    0.000000] Reserved memory: created CMA memory pool at 0x37400000, size 64 MiB
Aug 12 15:39:04 raspberrypi kernel: [    0.000000] OF: reserved mem: initialized node linux,cma, compatible id shared-dma-pool
Aug 12 15:39:04 raspberrypi kernel: [    0.000000] percpu: Embedded 20 pages/cpu s49792 r8192 d23936 u81920
Aug 12 15:39:04 raspberrypi kernel: [    0.000000] Built 1 zonelists, mobility grouping on.  Total pages: 240792
Aug 12 15:39:04 raspberrypi kernel: [    0.000000] Kernel command line: coherent_pool=1M snd_bcm2835.enable_compat_alsa=0 snd_bcm2835.enable_hdmi=1 snd_bcm2835.enable_headphones=1 bcm2708_fb.fbwidth=656 bcm2708_fb.fbheight=416 bcm2708_fb.fbswap=1 vc_mem.mem_base=0x3ec00000 vc_mem.mem_size=0x40000000  console=tty1 root=PARTUUID=738a4d67-02 rootfstype=ext4 elevator=deadline fsck.repair=yes rootwait
Aug 12 15:39:04 raspberrypi kernel: [    0.000000] Dentry cache hash table entries: 131072 (order: 7, 524288 bytes, linear)
Aug 12 15:39:04 raspberrypi kernel: [    0.000000] Inode-cache hash table entries: 65536 (order: 6, 262144 bytes, linear)
Aug 12 15:39:04 raspberrypi kernel: [    0.000000] mem auto-init: stack:off, heap alloc:off, heap free:off
Aug 12 15:39:04 raspberrypi kernel: [    0.000000] Memory: 882480K/970752K available (8192K kernel code, 681K rwdata, 2532K rodata, 1024K init, 824K bss, 22736K reserved, 65536K cma-reserved)
Aug 12 15:39:04 raspberrypi kernel: [    0.000000] SLUB: HWalign=64, Order=0-3, MinObjects=0, CPUs=4, Nodes=1
Aug 12 15:39:04 raspberrypi kernel: [    0.000000] ftrace: allocating 27966 entries in 55 pages
Aug 12 15:39:04 raspberrypi kernel: [    0.000000] rcu: Hierarchical RCU implementation.
Aug 12 15:39:04 raspberrypi kernel: [    0.000000] rcu: RCU calculated value of scheduler-enlistment delay is 10 jiffies.
Aug 12 15:39:04 raspberrypi kernel: [    0.000000] NR_IRQS: 16, nr_irqs: 16, preallocated irqs: 16
Aug 12 15:39:04 raspberrypi kernel: [    0.000000] random: get_random_bytes called from start_kernel+0x328/0x4e8 with crng_init=0
Aug 12 15:39:04 raspberrypi kernel: [    0.000000] arch_timer: cp15 timer(s) running at 19.20MHz (phys).
Aug 12 15:39:04 raspberrypi kernel: [    0.000000] clocksource: arch_sys_counter: mask: 0xffffffffffffff max_cycles: 0x46d987e47, max_idle_ns: 440795202767 ns
Aug 12 15:39:04 raspberrypi kernel: [    0.000010] sched_clock: 56 bits at 19MHz, resolution 52ns, wraps every 4398046511078ns
Aug 12 15:39:04 raspberrypi kernel: [    0.000030] Switching to timer-based delay loop, resolution 52ns
Aug 12 15:39:04 raspberrypi kernel: [    0.000367] Console: colour dummy device 80x30
Aug 12 15:39:04 raspberrypi kernel: [    0.001031] printk: console [tty1] enabled
Aug 12 15:39:04 raspberrypi kernel: [    0.001117] Calibrating delay loop (skipped), value calculated using timer frequency.. 38.40 BogoMIPS (lpj=192000)
Aug 12 15:39:04 raspberrypi kernel: [    0.001178] pid_max: default: 32768 minimum: 301
Aug 12 15:39:04 raspberrypi kernel: [    0.001615] Mount-cache hash table entries: 2048 (order: 1, 8192 bytes, linear)
Aug 12 15:39:04 raspberrypi kernel: [    0.001676] Mountpoint-cache hash table entries: 2048 (order: 1, 8192 bytes, linear)
Aug 12 15:39:04 raspberrypi kernel: [    0.003275] CPU: Testing write buffer coherency: ok
Aug 12 15:39:04 raspberrypi kernel: [    0.004119] CPU0: update cpu_capacity 1024
Aug 12 15:39:04 raspberrypi kernel: [    0.004166] CPU0: thread -1, cpu 0, socket 15, mpidr 80000f00
Aug 12 15:39:04 raspberrypi kernel: [    0.005550] Setting up static identity map for 0x100000 - 0x10003c
Aug 12 15:39:04 raspberrypi kernel: [    0.005873] rcu: Hierarchical SRCU implementation.
Aug 12 15:39:04 raspberrypi kernel: [    0.006878] smp: Bringing up secondary CPUs ...
Aug 12 15:39:04 raspberrypi kernel: [    0.008537] CPU1: update cpu_capacity 1024
Aug 12 15:39:04 raspberrypi kernel: [    0.008549] CPU1: thread -1, cpu 1, socket 15, mpidr 80000f01
Aug 12 15:39:04 raspberrypi kernel: [    0.010552] CPU2: update cpu_capacity 1024
Aug 12 15:39:04 raspberrypi kernel: [    0.010563] CPU2: thread -1, cpu 2, socket 15, mpidr 80000f02
Aug 12 15:39:04 raspberrypi kernel: [    0.012255] CPU3: update cpu_capacity 1024
Aug 12 15:39:04 raspberrypi kernel: [    0.012266] CPU3: thread -1, cpu 3, socket 15, mpidr 80000f03
Aug 12 15:39:04 raspberrypi kernel: [    0.012468] smp: Brought up 1 node, 4 CPUs
Aug 12 15:39:04 raspberrypi kernel: [    0.012590] SMP: Total of 4 processors activated (153.60 BogoMIPS).
Aug 12 15:39:04 raspberrypi kernel: [    0.012622] CPU: All CPU(s) started in HYP mode.
Aug 12 15:39:04 raspberrypi kernel: [    0.012651] CPU: Virtualization extensions available.
Aug 12 15:39:04 raspberrypi kernel: [    0.013926] devtmpfs: initialized
Aug 12 15:39:04 raspberrypi kernel: [    0.033585] VFP support v0.3: implementor 41 architecture 2 part 30 variant 7 rev 5
Aug 12 15:39:04 raspberrypi kernel: [    0.034038] clocksource: jiffies: mask: 0xffffffff max_cycles: 0xffffffff, max_idle_ns: 19112604462750000 ns
Aug 12 15:39:04 raspberrypi kernel: [    0.034114] futex hash table entries: 1024 (order: 4, 65536 bytes, linear)
Aug 12 15:39:04 raspberrypi kernel: [    0.038003] pinctrl core: initialized pinctrl subsystem
Aug 12 15:39:04 raspberrypi kernel: [    0.039674] NET: Registered protocol family 16
Aug 12 15:39:04 raspberrypi kernel: [    0.044683] DMA: preallocated 1024 KiB pool for atomic coherent allocations
Aug 12 15:39:04 raspberrypi kernel: [    0.052785] hw-breakpoint: found 5 (+1 reserved) breakpoint and 4 watchpoint registers.
Aug 12 15:39:04 raspberrypi kernel: [    0.052846] hw-breakpoint: maximum watchpoint size is 8 bytes.
Aug 12 15:39:04 raspberrypi kernel: [    0.053167] Serial: AMBA PL011 UART driver
Aug 12 15:39:04 raspberrypi kernel: [    0.055956] bcm2835-mbox 3f00b880.mailbox: mailbox enabled
Aug 12 15:39:04 raspberrypi kernel: [    0.078790] raspberrypi-firmware soc:firmware: Attached to firmware from 2020-07-17 11:04, variant start
Aug 12 15:39:04 raspberrypi kernel: [    0.088805] raspberrypi-firmware soc:firmware: Firmware hash is 21a15cb094f41c7506ad65d2cb9b29c550693057
Aug 12 15:39:04 raspberrypi kernel: [    0.151115] bcm2835-dma 3f007000.dma: DMA legacy API manager, dmachans=0x1
Aug 12 15:39:04 raspberrypi kernel: [    0.153930] SCSI subsystem initialized
Aug 12 15:39:04 raspberrypi kernel: [    0.154327] usbcore: registered new interface driver usbfs
Aug 12 15:39:04 raspberrypi kernel: [    0.154439] usbcore: registered new interface driver hub
Aug 12 15:39:04 raspberrypi kernel: [    0.154660] usbcore: registered new device driver usb
Aug 12 15:39:04 raspberrypi kernel: [    0.157106] clocksource: Switched to clocksource arch_sys_counter
Aug 12 15:39:04 raspberrypi kernel: [    1.313275] VFS: Disk quotas dquot_6.6.0
Aug 12 15:39:04 raspberrypi kernel: [    1.313462] VFS: Dquot-cache hash table entries: 1024 (order 0, 4096 bytes)
Aug 12 15:39:04 raspberrypi kernel: [    1.313754] FS-Cache: Loaded
Aug 12 15:39:04 raspberrypi kernel: [    1.314139] CacheFiles: Loaded
Aug 12 15:39:04 raspberrypi kernel: [    1.328022] thermal_sys: Registered thermal governor 'step_wise'
Aug 12 15:39:04 raspberrypi kernel: [    1.328594] NET: Registered protocol family 2
Aug 12 15:39:04 raspberrypi kernel: [    1.329848] tcp_listen_portaddr_hash hash table entries: 512 (order: 0, 6144 bytes, linear)
Aug 12 15:39:04 raspberrypi kernel: [    1.329936] TCP established hash table entries: 8192 (order: 3, 32768 bytes, linear)
Aug 12 15:39:04 raspberrypi kernel: [    1.330115] TCP bind hash table entries: 8192 (order: 4, 65536 bytes, linear)
Aug 12 15:39:04 raspberrypi kernel: [    1.330337] TCP: Hash tables configured (established 8192 bind 8192)
Aug 12 15:39:04 raspberrypi kernel: [    1.330583] UDP hash table entries: 512 (order: 2, 16384 bytes, linear)
Aug 12 15:39:04 raspberrypi kernel: [    1.330682] UDP-Lite hash table entries: 512 (order: 2, 16384 bytes, linear)
Aug 12 15:39:04 raspberrypi kernel: [    1.331128] NET: Registered protocol family 1
Aug 12 15:39:04 raspberrypi kernel: [    1.332395] RPC: Registered named UNIX socket transport module.
Aug 12 15:39:04 raspberrypi kernel: [    1.332446] RPC: Registered udp transport module.
Aug 12 15:39:04 raspberrypi kernel: [    1.332478] RPC: Registered tcp transport module.
Aug 12 15:39:04 raspberrypi kernel: [    1.332508] RPC: Registered tcp NFSv4.1 backchannel transport module.
Aug 12 15:39:04 raspberrypi kernel: [    1.334463] hw perfevents: enabled with armv7_cortex_a7 PMU driver, 5 counters available
Aug 12 15:39:04 raspberrypi kernel: [    1.339482] Initialise system trusted keyrings
Aug 12 15:39:04 raspberrypi kernel: [    1.339872] workingset: timestamp_bits=30 max_order=18 bucket_order=0
Aug 12 15:39:04 raspberrypi kernel: [    1.353550] FS-Cache: Netfs 'nfs' registered for caching
Aug 12 15:39:04 raspberrypi mtp-probe: checking bus 1, device 3: "/sys/devices/platform/soc/3f980000.usb/usb1/1-1/1-1.1"
Aug 12 15:39:04 raspberrypi mtp-probe: bus: 1, device: 3 was not an MTP device
Aug 12 15:39:04 raspberrypi kernel: [    1.354501] NFS: Registering the id_resolver key type
Aug 12 15:39:04 raspberrypi kernel: [    1.354596] Key type id_resolver registered
Aug 12 15:39:04 raspberrypi kernel: [    1.354630] Key type id_legacy registered
Aug 12 15:39:04 raspberrypi kernel: [    1.354675] nfs4filelayout_init: NFSv4 File Layout Driver Registering...
Aug 12 15:39:04 raspberrypi kernel: [    1.356365] Key type asymmetric registered
Aug 12 15:39:04 raspberrypi kernel: [    1.356411] Asymmetric key parser 'x509' registered
Aug 12 15:39:04 raspberrypi kernel: [    1.356505] Block layer SCSI generic (bsg) driver version 0.4 loaded (major 249)
Aug 12 15:39:04 raspberrypi kernel: [    1.356551] io scheduler mq-deadline registered
Aug 12 15:39:04 raspberrypi kernel: [    1.356583] io scheduler kyber registered
Aug 12 15:39:04 raspberrypi kernel: [    1.360044] bcm2708_fb soc:fb: FB found 1 display(s)
Aug 12 15:39:04 raspberrypi kernel: [    1.374320] Console: switching to colour frame buffer device 82x26
Aug 12 15:39:04 raspberrypi kernel: [    1.382266] bcm2708_fb soc:fb: Registered framebuffer for display 0, size 656x416
Aug 12 15:39:04 raspberrypi kernel: [    1.394182] bcm2835-rng 3f104000.rng: hwrng registered
Aug 12 15:39:04 raspberrypi kernel: [    1.397770] vc-mem: phys_addr:0x00000000 mem_base=0x3ec00000 mem_size:0x40000000(1024 MiB)
Aug 12 15:39:04 raspberrypi kernel: [    1.404416] vc-sm: Videocore shared memory driver
Aug 12 15:39:04 raspberrypi kernel: [    1.408052] gpiomem-bcm2835 3f200000.gpiomem: Initialised: Registers at 0x3f200000
Aug 12 15:39:04 raspberrypi kernel: [    1.430906] brd: module loaded
Aug 12 15:39:04 raspberrypi kernel: [    1.450415] loop: module loaded
Aug 12 15:39:04 raspberrypi kernel: [    1.455197] Loading iSCSI transport class v2.0-870.
Aug 12 15:39:04 raspberrypi kernel: [    1.459525] libphy: Fixed MDIO Bus: probed
Aug 12 15:39:04 raspberrypi kernel: [    1.462585] usbcore: registered new interface driver lan78xx
Aug 12 15:39:04 raspberrypi kernel: [    1.465576] usbcore: registered new interface driver smsc95xx
Aug 12 15:39:04 raspberrypi kernel: [    1.468514] dwc_otg: version 3.00a 10-AUG-2012 (platform bus)
Aug 12 15:39:04 raspberrypi kernel: [    2.199659] Core Release: 2.80a
Aug 12 15:39:04 raspberrypi kernel: [    2.202372] Setting default values for core params
Aug 12 15:39:04 raspberrypi kernel: [    2.205136] Finished setting default values for core params
Aug 12 15:39:04 raspberrypi kernel: [    2.408521] Using Buffer DMA mode
Aug 12 15:39:04 raspberrypi kernel: [    2.411294] Periodic Transfer Interrupt Enhancement - disabled
Aug 12 15:39:04 raspberrypi kernel: [    2.414116] Multiprocessor Interrupt Enhancement - disabled
Aug 12 15:39:04 raspberrypi kernel: [    2.416904] OTG VER PARAM: 0, OTG VER FLAG: 0
Aug 12 15:39:04 raspberrypi kernel: [    2.419699] Dedicated Tx FIFOs mode
Aug 12 15:39:04 raspberrypi kernel: [    2.423126] WARN::dwc_otg_hcd_init:1074: FIQ DMA bounce buffers: virt = b7514000 dma = 0xf7514000 len=9024
Aug 12 15:39:04 raspberrypi kernel: [    2.428524] FIQ FSM acceleration enabled for :
Aug 12 15:39:04 raspberrypi kernel: [    2.428524] Non-periodic Split Transactions
Aug 12 15:39:04 raspberrypi kernel: [    2.428524] Periodic Split Transactions
Aug 12 15:39:04 raspberrypi kernel: [    2.428524] High-Speed Isochronous Endpoints
Aug 12 15:39:04 raspberrypi kernel: [    2.428524] Interrupt/Control Split Transaction hack enabled
Aug 12 15:39:04 raspberrypi kernel: [    2.441159] WARN::hcd_init_fiq:457: FIQ on core 1
Aug 12 15:39:04 raspberrypi kernel: [    2.443713] WARN::hcd_init_fiq:458: FIQ ASM at 806bdcbc length 36
Aug 12 15:39:04 raspberrypi kernel: [    2.446265] WARN::hcd_init_fiq:497: MPHI regs_base at bb810000
Aug 12 15:39:04 raspberrypi kernel: [    2.448788] dwc_otg 3f980000.usb: DWC OTG Controller
Aug 12 15:39:04 raspberrypi kernel: [    2.451419] dwc_otg 3f980000.usb: new USB bus registered, assigned bus number 1
Aug 12 15:39:04 raspberrypi kernel: [    2.454121] dwc_otg 3f980000.usb: irq 56, io mem 0x00000000
Aug 12 15:39:04 raspberrypi kernel: [    2.456741] Init: Port Power? op_state=1
Aug 12 15:39:04 raspberrypi kernel: [    2.459319] Init: Power Port (0)
Aug 12 15:39:04 raspberrypi kernel: [    2.462294] usb usb1: New USB device found, idVendor=1d6b, idProduct=0002, bcdDevice= 5.04
Aug 12 15:39:04 raspberrypi kernel: [    2.467438] usb usb1: New USB device strings: Mfr=3, Product=2, SerialNumber=1
Aug 12 15:39:04 raspberrypi kernel: [    2.470177] usb usb1: Product: DWC OTG Controller
Aug 12 15:39:04 raspberrypi kernel: [    2.472862] usb usb1: Manufacturer: Linux 5.4.51-v7+ dwc_otg_hcd
Aug 12 15:39:04 raspberrypi kernel: [    2.475603] usb usb1: SerialNumber: 3f980000.usb
Aug 12 15:39:04 raspberrypi kernel: [    2.479290] hub 1-0:1.0: USB hub found
Aug 12 15:39:04 raspberrypi kernel: [    2.481923] hub 1-0:1.0: 1 port detected
Aug 12 15:39:04 raspberrypi kernel: [    2.485895] usbcore: registered new interface driver usb-storage
Aug 12 15:39:04 raspberrypi kernel: [    2.488875] mousedev: PS/2 mouse device common for all mice
Aug 12 15:39:04 raspberrypi kernel: [    2.493296] bcm2835-wdt bcm2835-wdt: Broadcom BCM2835 watchdog timer
Aug 12 15:39:04 raspberrypi kernel: [    2.498780] sdhci: Secure Digital Host Controller Interface driver
Aug 12 15:39:04 raspberrypi kernel: [    2.501546] sdhci: Copyright(c) Pierre Ossman
Aug 12 15:39:04 raspberrypi kernel: [    2.505030] sdhost-bcm2835 3f202000.mmc: could not get clk, deferring probe
Aug 12 15:39:04 raspberrypi kernel: [    2.508230] sdhci-pltfm: SDHCI platform and OF driver helper
Aug 12 15:39:04 raspberrypi kernel: [    2.512260] ledtrig-cpu: registered to indicate activity on CPUs
Aug 12 15:39:04 raspberrypi kernel: [    2.515535] hidraw: raw HID events driver (C) Jiri Kosina
Aug 12 15:39:04 raspberrypi kernel: [    2.518661] usbcore: registered new interface driver usbhid
Aug 12 15:39:04 raspberrypi kernel: [    2.521541] usbhid: USB HID core driver
Aug 12 15:39:04 raspberrypi kernel: [    2.525540] vchiq: vchiq_init_state: slot_zero = (ptrval)
Aug 12 15:39:04 raspberrypi kernel: [    2.530673] [vc_sm_connected_init]: start
Aug 12 15:39:04 raspberrypi kernel: [    2.539874] [vc_sm_connected_init]: end - returning 0
Aug 12 15:39:04 raspberrypi kernel: [    2.545125] Initializing XFRM netlink socket
Aug 12 15:39:04 raspberrypi kernel: [    2.547879] NET: Registered protocol family 17
Aug 12 15:39:04 raspberrypi kernel: [    2.550644] Key type dns_resolver registered
Aug 12 15:39:04 raspberrypi kernel: [    2.553795] Registering SWP/SWPB emulation handler
Aug 12 15:39:04 raspberrypi kernel: [    2.556880] registered taskstats version 1
Aug 12 15:39:04 raspberrypi kernel: [    2.559521] Loading compiled-in X.509 certificates
Aug 12 15:39:04 raspberrypi kernel: [    2.562757] Key type ._fscrypt registered
Aug 12 15:39:04 raspberrypi kernel: [    2.565336] Key type .fscrypt registered
Aug 12 15:39:04 raspberrypi kernel: [    2.581184] uart-pl011 3f201000.serial: cts_event_workaround enabled
Aug 12 15:39:04 raspberrypi kernel: [    2.583910] 3f201000.serial: ttyAMA0 at MMIO 0x3f201000 (irq = 81, base_baud = 0) is a PL011 rev2
Aug 12 15:39:04 raspberrypi kernel: [    2.591805] bcm2835-power bcm2835-power: Broadcom BCM2835 power domains driver
Aug 12 15:39:04 raspberrypi kernel: [    2.596412] sdhost: log_buf @ (ptrval) (f7513000)
Aug 12 15:39:04 raspberrypi kernel: [    2.647060] mmc0: sdhost-bcm2835 loaded - DMA enabled (>1)
Aug 12 15:39:04 raspberrypi kernel: [    2.653002] of_cfs_init
Aug 12 15:39:04 raspberrypi kernel: [    2.655948] of_cfs_init: OK
Aug 12 15:39:04 raspberrypi kernel: [    2.659776] Waiting for root device PARTUUID=738a4d67-02...
Aug 12 15:39:04 raspberrypi kernel: [    2.697351] Indeed it is in host mode hprt0 = 00021501
Aug 12 15:39:04 raspberrypi kernel: [    2.786353] random: fast init done
Aug 12 15:39:04 raspberrypi kernel: [    2.796321] mmc0: host does not support reading read-only switch, assuming write-enable
Aug 12 15:39:04 raspberrypi kernel: [    2.805935] mmc0: new high speed SDHC card at address aaaa
Aug 12 15:39:04 raspberrypi kernel: [    2.809959] mmcblk0: mmc0:aaaa SL08G 7.40 GiB
Aug 12 15:39:04 raspberrypi kernel: [    2.816165]  mmcblk0: p1 p2
Aug 12 15:39:04 raspberrypi kernel: [    2.856082] EXT4-fs (mmcblk0p2): mounted filesystem with ordered data mode. Opts: (null)
Aug 12 15:39:04 raspberrypi kernel: [    2.862076] VFS: Mounted root (ext4 filesystem) readonly on device 179:2.
Aug 12 15:39:04 raspberrypi kernel: [    2.874527] devtmpfs: mounted
Aug 12 15:39:04 raspberrypi kernel: [    2.885382] Freeing unused kernel memory: 1024K
Aug 12 15:39:04 raspberrypi kernel: [    2.888919] Run /sbin/init as init process
Aug 12 15:39:04 raspberrypi kernel: [    2.907193] usb 1-1: new high-speed USB device number 2 using dwc_otg
Aug 12 15:39:04 raspberrypi kernel: [    2.910438] Indeed it is in host mode hprt0 = 00001101
Aug 12 15:39:04 raspberrypi kernel: [    3.147734] usb 1-1: New USB device found, idVendor=0424, idProduct=9514, bcdDevice= 2.00
Aug 12 15:39:04 raspberrypi kernel: [    3.153649] usb 1-1: New USB device strings: Mfr=0, Product=0, SerialNumber=0
Aug 12 15:39:04 raspberrypi kernel: [    3.157935] hub 1-1:1.0: USB hub found
Aug 12 15:39:04 raspberrypi kernel: [    3.161333] hub 1-1:1.0: 5 ports detected
Aug 12 15:39:04 raspberrypi kernel: [    3.477203] usb 1-1.1: new high-speed USB device number 3 using dwc_otg
Aug 12 15:39:04 raspberrypi kernel: [    3.607711] usb 1-1.1: New USB device found, idVendor=0424, idProduct=ec00, bcdDevice= 2.00
Aug 12 15:39:04 raspberrypi kernel: [    3.614012] usb 1-1.1: New USB device strings: Mfr=0, Product=0, SerialNumber=0
Aug 12 15:39:04 raspberrypi kernel: [    3.620426] smsc95xx v1.0.6
Aug 12 15:39:04 raspberrypi kernel: [    3.712827] smsc95xx 1-1.1:1.0 eth0: register 'smsc95xx' at usb-3f980000.usb-1.1, smsc95xx USB 2.0 Ethernet, b8:27:eb:7c:20:bc
Aug 12 15:39:04 raspberrypi kernel: [    3.738872] NET: Registered protocol family 10
Aug 12 15:39:04 raspberrypi kernel: [    3.744400] Segment Routing with IPv6
Aug 12 15:39:04 raspberrypi kernel: [    5.001586] random: systemd: uninitialized urandom read (16 bytes read)
Aug 12 15:39:04 raspberrypi kernel: [    5.022492] random: systemd: uninitialized urandom read (16 bytes read)
Aug 12 15:39:04 raspberrypi kernel: [    5.034058] random: systemd: uninitialized urandom read (16 bytes read)
Aug 12 15:39:04 raspberrypi kernel: [   16.442157] EXT4-fs (mmcblk0p2): re-mounted. Opts: (null)
Aug 12 15:39:04 raspberrypi kernel: [   17.196583] rc rc0: GPIO IR Bit Banging Transmitter as /devices/platform/gpio-ir-transmitter@12/rc/rc0
Aug 12 15:39:04 raspberrypi kernel: [   17.209761] rc rc0: lirc_dev: driver gpio-ir-tx registered at minor = 0, no receiver, raw IR transmitter
Aug 12 15:39:04 raspberrypi kernel: [   17.292926] mc: Linux media interface: v0.10
Aug 12 15:39:04 raspberrypi kernel: [   17.295450] vc_sm_cma: module is from the staging directory, the quality is unknown, you have been warned.
Aug 12 15:39:04 raspberrypi kernel: [   17.298554] bcm2835_vc_sm_cma_probe: Videocore shared memory driver
Aug 12 15:39:04 raspberrypi kernel: [   17.298585] [vc_sm_connected_init]: start
Aug 12 15:39:04 raspberrypi kernel: [   17.303845] [vc_sm_connected_init]: installed successfully
Aug 12 15:39:04 raspberrypi kernel: [   17.385417] videodev: Linux video capture interface: v2.00
Aug 12 15:39:04 raspberrypi kernel: [   17.443462] bcm2835_mmal_vchiq: module is from the staging directory, the quality is unknown, you have been warned.
Aug 12 15:39:04 raspberrypi rsyslogd: imuxsock: Acquired UNIX socket '/run/systemd/journal/syslog' (fd 3) from systemd.  [v8.1901.0]
Aug 12 15:39:04 raspberrypi rsyslogd:  [origin software="rsyslogd" swVersion="8.1901.0" x-pid="309" x-info="https://www.rsyslog.com"] start
Aug 12 15:39:04 raspberrypi kernel: [   17.454338] bcm2835_isp: module is from the staging directory, the quality is unknown, you have been warned.
Aug 12 15:39:04 raspberrypi kernel: [   17.457766] bcm2835_mmal_vchiq: module is from the staging directory, the quality is unknown, you have been warned.
Aug 12 15:39:04 raspberrypi kernel: [   17.462225] bcm2835_mmal_vchiq: module is from the staging directory, the quality is unknown, you have been warned.
Aug 12 15:39:04 raspberrypi kernel: [   17.472831] snd_bcm2835: module is from the staging directory, the quality is unknown, you have been warned.
Aug 12 15:39:04 raspberrypi kernel: [   17.486756] bcm2835_v4l2: module is from the staging directory, the quality is unknown, you have been warned.
Aug 12 15:39:04 raspberrypi kernel: [   17.504535] bcm2835-isp bcm2835-isp: Device node output[0] registered as /dev/video13
Aug 12 15:39:04 raspberrypi kernel: [   17.505348] bcm2835-isp bcm2835-isp: Device node capture[0] registered as /dev/video14
Aug 12 15:39:04 raspberrypi kernel: [   17.506043] bcm2835-isp bcm2835-isp: Device node capture[1] registered as /dev/video15
Aug 12 15:39:04 raspberrypi kernel: [   17.506623] bcm2835-isp bcm2835-isp: Device node stats[2] registered as /dev/video16
Aug 12 15:39:04 raspberrypi kernel: [   17.506666] bcm2835-isp bcm2835-isp: Register output node 0 with media controller
Aug 12 15:39:04 raspberrypi kernel: [   17.506700] bcm2835-isp bcm2835-isp: Register capture node 1 with media controller
Aug 12 15:39:04 raspberrypi kernel: [   17.506726] bcm2835-isp bcm2835-isp: Register capture node 2 with media controller
Aug 12 15:39:04 raspberrypi kernel: [   17.506748] bcm2835-isp bcm2835-isp: Register capture node 3 with media controller
Aug 12 15:39:04 raspberrypi kernel: [   17.507757] bcm2835-isp bcm2835-isp: Loaded V4L2 bcm2835-isp
Aug 12 15:39:04 raspberrypi kernel: [   17.514516] bcm2835_codec: module is from the staging directory, the quality is unknown, you have been warned.
Aug 12 15:39:04 raspberrypi kernel: [   17.538433] bcm2835_audio bcm2835_audio: card created with 8 channels
Aug 12 15:39:04 raspberrypi kernel: [   17.547024] bcm2835-codec bcm2835-codec: Device registered as /dev/video10
Aug 12 15:39:04 raspberrypi kernel: [   17.547357] bcm2835-codec bcm2835-codec: Loaded V4L2 decode
Aug 12 15:39:04 raspberrypi kernel: [   17.586668] bcm2835-codec bcm2835-codec: Device registered as /dev/video11
Aug 12 15:39:04 raspberrypi kernel: [   17.586813] bcm2835-codec bcm2835-codec: Loaded V4L2 encode
Aug 12 15:39:04 raspberrypi kernel: [   17.616569] bcm2835-codec bcm2835-codec: Device registered as /dev/video12
Aug 12 15:39:04 raspberrypi kernel: [   17.616754] bcm2835-codec bcm2835-codec: Loaded V4L2 isp
Aug 12 15:39:04 raspberrypi kernel: [   20.807778] random: crng init done
Aug 12 15:39:04 raspberrypi kernel: [   20.807810] random: 7 urandom warning(s) missed due to ratelimiting
Aug 12 15:39:04 raspberrypi kernel: [   21.134638] 8021q: 802.1Q VLAN Support v1.8
Aug 12 15:39:04 raspberrypi kernel: [   21.296931] cfg80211: Loading compiled-in X.509 certificates for regulatory database
Aug 12 15:39:04 raspberrypi kernel: [   21.399918] cfg80211: Loaded X.509 cert 'sforshee: 00b28ddf47aef9cea7'
Aug 12 15:39:04 raspberrypi kernel: [   21.407757] Adding 102396k swap on /var/swap.  Priority:-2 extents:1 across:102396k SSFS
Aug 12 15:39:04 raspberrypi kernel: [   21.599928] smsc95xx 1-1.1:1.0 eth0: hardware isn't capable of remote wakeup
Aug 12 15:39:06 raspberrypi kernel: [   23.332544] smsc95xx 1-1.1:1.0 eth0: link up, 100Mbps, full-duplex, lpa 0xC5E1
Aug 12 15:39:12 raspberrypi lircd-0.10.1[430]: Info: lircd:  Opening log, level: Info
Aug 12 15:39:12 raspberrypi lircd-0.10.1[430]: Notice: Version: lircd 0.10.1
Aug 12 15:39:12 raspberrypi lircd-0.10.1[430]: Notice: System info: Linux raspberrypi 5.4.51-v7+ #1327 SMP Thu Jul 23 10:58:46 BST 2020 armv7l GNU/Linux
Aug 12 15:39:12 raspberrypi lircd-0.10.1[430]: Info: Initial device: /dev/lirc0
Aug 12 15:39:12 raspberrypi lircd-0.10.1[430]: Info: Initial device: /dev/lirc0
Aug 12 15:39:12 raspberrypi lircd-0.10.1[430]: Notice: Options: driver: default
Aug 12 15:39:12 raspberrypi lircd-0.10.1[430]: Notice: Options: output: /var/run/lirc/lircd
Aug 12 15:39:12 raspberrypi lircd-0.10.1[430]: Notice: Options: nodaemon: 1
Aug 12 15:39:12 raspberrypi lircd-0.10.1[430]: Notice: Options: plugindir: /usr/lib/arm-linux-gnueabihf/lirc/plugins
Aug 12 15:39:12 raspberrypi lircd-0.10.1[430]: Notice: Options: logfile: syslog
Aug 12 15:39:12 raspberrypi lircd-0.10.1[430]: Notice: Options: immediate-init: 0
Aug 12 15:39:12 raspberrypi lircd-0.10.1[430]: Notice: Options: permission: 666
Aug 12 15:39:12 raspberrypi lircd-0.10.1[430]: Notice: Options: driver-options: 
Aug 12 15:39:12 raspberrypi lircd-0.10.1[430]: Notice: Options: pidfile: /var/run/lirc/lircd.pid
Aug 12 15:39:12 raspberrypi lircd-0.10.1[430]: Notice: Options: listen: 0
Aug 12 15:39:12 raspberrypi lircd-0.10.1[430]: Notice: Options: connect: (null)
Aug 12 15:39:12 raspberrypi lircd-0.10.1[430]: Notice: Options: userelease: 0
Aug 12 15:39:12 raspberrypi lircd-0.10.1[430]: Notice: Options: effective_user: (null)
Aug 12 15:39:12 raspberrypi lircd-0.10.1[430]: Notice: Options: release_suffix: _EVUP
Aug 12 15:39:12 raspberrypi lircd-0.10.1[430]: Notice: Options: allow_simulate: 0
Aug 12 15:39:12 raspberrypi lircd-0.10.1[430]: Notice: Options: repeat_max: 600
Aug 12 15:39:12 raspberrypi lircd-0.10.1[430]: Notice: Options: configfile: /etc/lirc/lircd.conf
Aug 12 15:39:12 raspberrypi lircd-0.10.1[430]: Notice: Options: dynamic_codes: (null)
Aug 12 15:39:12 raspberrypi lircd-0.10.1[430]: Notice: Current driver: default
Aug 12 15:39:12 raspberrypi lircd-0.10.1[430]: Notice: Driver API version: 3
Aug 12 15:39:12 raspberrypi lircd-0.10.1[430]: Notice: Driver  version: 0.10.0
Aug 12 15:39:12 raspberrypi lircd-0.10.1[430]: Notice: Driver  info: See file:///usr/share/doc/lirc/plugindocs/default.html
Aug 12 15:39:12 raspberrypi lircd-0.10.1[430]: Info: lircd:  Opening log, level: Info
Aug 12 15:39:12 raspberrypi lircd-0.10.1[430]: Notice: Using systemd fd
Aug 12 15:39:12 raspberrypi lircd-0.10.1[430]: Warning: Running as root
Aug 12 15:39:12 raspberrypi kernel: [   29.275710] ICMPv6: process `dhcpcd' is using deprecated sysctl (syscall) net.ipv6.neigh.eth0.retrans_time - use net.ipv6.neigh.eth0.retrans_time_ms instead
Aug 12 15:39:12 raspberrypi lircd-0.10.1[430]: Info: Using remote: devinput-64.
Aug 12 15:39:12 raspberrypi lircd-0.10.1[430]: Notice: /etc/lirc/lircd.conf.d/devinput.lircd.conf: devinput-64: Multiple values for same code: BTN_MISC
Aug 12 15:39:12 raspberrypi lircd-0.10.1[430]: Notice: /etc/lirc/lircd.conf.d/devinput.lircd.conf: devinput-64: Multiple values for same code: BTN_MOUSE
Aug 12 15:39:12 raspberrypi lircd-0.10.1[430]: Notice: /etc/lirc/lircd.conf.d/devinput.lircd.conf: devinput-64: Multiple values for same code: BTN_SOUTH
Aug 12 15:39:12 raspberrypi lircd-0.10.1[430]: Notice: /etc/lirc/lircd.conf.d/devinput.lircd.conf: devinput-64: Multiple values for same code: BTN_TOOL_PEN
Aug 12 15:39:12 raspberrypi lircd-0.10.1[430]: Notice: /etc/lirc/lircd.conf.d/devinput.lircd.conf: devinput-64: Multiple values for same code: BTN_TRIGGER
Aug 12 15:39:12 raspberrypi lircd-0.10.1[430]: Notice: /etc/lirc/lircd.conf.d/devinput.lircd.conf: devinput-64: Multiple values for same code: BTN_TRIGGER_HAPPY1
Aug 12 15:39:12 raspberrypi lircd-0.10.1[430]: Notice: /etc/lirc/lircd.conf.d/devinput.lircd.conf: devinput-64: Multiple values for same code: BTN_WHEEL
Aug 12 15:39:12 raspberrypi lircd-0.10.1[430]: Info: Using remote: devinput-32.
Aug 12 15:39:12 raspberrypi lircd-0.10.1[430]: Notice: /etc/lirc/lircd.conf.d/devinput.lircd.conf: devinput-32: Multiple values for same code: BTN_MISC
Aug 12 15:39:12 raspberrypi lircd-0.10.1[430]: Notice: /etc/lirc/lircd.conf.d/devinput.lircd.conf: devinput-32: Multiple values for same code: BTN_MOUSE
Aug 12 15:39:12 raspberrypi lircd-0.10.1[430]: Notice: /etc/lirc/lircd.conf.d/devinput.lircd.conf: devinput-32: Multiple values for same code: BTN_SOUTH
Aug 12 15:39:12 raspberrypi lircd-0.10.1[430]: Notice: /etc/lirc/lircd.conf.d/devinput.lircd.conf: devinput-32: Multiple values for same code: BTN_TOOL_PEN
Aug 12 15:39:12 raspberrypi lircd-0.10.1[430]: Notice: /etc/lirc/lircd.conf.d/devinput.lircd.conf: devinput-32: Multiple values for same code: BTN_TRIGGER
Aug 12 15:39:12 raspberrypi lircd-0.10.1[430]: Notice: /etc/lirc/lircd.conf.d/devinput.lircd.conf: devinput-32: Multiple values for same code: BTN_TRIGGER_HAPPY1
Aug 12 15:39:12 raspberrypi lircd-0.10.1[430]: Notice: /etc/lirc/lircd.conf.d/devinput.lircd.conf: devinput-32: Multiple values for same code: BTN_WHEEL
Aug 12 15:39:12 raspberrypi lircd-0.10.1[430]: Notice: lircd(default) ready, using /var/run/lirc/lircd
Aug 12 16:32:46 raspberrypi __main__[823]: [INFO] HN:  raspberrypi
Aug 12 16:32:46 raspberrypi __main__[823]: [INFO] IP:    127.0.1.1
Aug 12 16:32:51 raspberrypi __main__[823]: [INFO] HN:  raspberrypi
Aug 12 16:32:51 raspberrypi __main__[823]: [INFO] IP:    127.0.1.1
Aug 12 16:33:03 raspberrypi kernel: [  217.177125] usb 1-1.3: new high-speed USB device number 4 using dwc_otg
Aug 12 16:33:03 raspberrypi kernel: [  217.325096] usb 1-1.3: New USB device found, idVendor=148f, idProduct=5370, bcdDevice= 1.01
Aug 12 16:33:03 raspberrypi kernel: [  217.325122] usb 1-1.3: New USB device strings: Mfr=1, Product=2, SerialNumber=3
Aug 12 16:33:03 raspberrypi kernel: [  217.325139] usb 1-1.3: Product: 802.11 n WLAN
Aug 12 16:33:03 raspberrypi kernel: [  217.325156] usb 1-1.3: Manufacturer: Ralink
Aug 12 16:33:03 raspberrypi kernel: [  217.325172] usb 1-1.3: SerialNumber: 1.0
Aug 12 16:33:03 raspberrypi mtp-probe: checking bus 1, device 4: "/sys/devices/platform/soc/3f980000.usb/usb1/1-1/1-1.3"
Aug 12 16:33:03 raspberrypi mtp-probe: bus: 1, device: 4 was not an MTP device
Aug 12 16:33:03 raspberrypi kernel: [  217.657115] usb 1-1.3: reset high-speed USB device number 4 using dwc_otg
Aug 12 16:33:03 raspberrypi kernel: [  217.797932] ieee80211 phy0: rt2x00_set_rt: Info - RT chipset 5390, rev 0502 detected
Aug 12 16:33:03 raspberrypi kernel: [  217.826357] ieee80211 phy0: rt2x00_set_rf: Info - RF chipset 5370 detected
Aug 12 16:33:03 raspberrypi kernel: [  217.829426] usbcore: registered new interface driver rt2800usb
Aug 12 16:33:03 raspberrypi mtp-probe: checking bus 1, device 4: "/sys/devices/platform/soc/3f980000.usb/usb1/1-1/1-1.3"
Aug 12 16:33:03 raspberrypi mtp-probe: bus: 1, device: 4 was not an MTP device
Aug 12 16:33:04 raspberrypi kernel: [  218.190818] ieee80211 phy0: rt2x00lib_request_firmware: Info - Loading firmware file 'rt2870.bin'
Aug 12 16:33:04 raspberrypi kernel: [  218.192506] ieee80211 phy0: rt2x00lib_request_firmware: Info - Firmware detected - version: 0.36
Aug 12 16:33:05 raspberrypi kernel: [  219.915550] wlan0: authenticate with 60:3d:26:98:3e:8a
Aug 12 16:33:05 raspberrypi kernel: [  219.952461] wlan0: send auth to 60:3d:26:98:3e:8a (try 1/3)
Aug 12 16:33:05 raspberrypi kernel: [  219.954404] wlan0: authenticated
Aug 12 16:33:05 raspberrypi kernel: [  219.957166] wlan0: associate with 60:3d:26:98:3e:8a (try 1/3)
Aug 12 16:33:05 raspberrypi kernel: [  219.961113] wlan0: RX AssocResp from 60:3d:26:98:3e:8a (capab=0x1411 status=0 aid=1)
Aug 12 16:33:05 raspberrypi kernel: [  219.971030] wlan0: associated
Aug 12 16:33:06 raspberrypi kernel: [  220.119393] cryptd: max_cpu_qlen set to 1000
Aug 12 16:33:06 raspberrypi kernel: [  220.145830] IPv6: ADDRCONF(NETDEV_CHANGE): wlan0: link becomes ready
Aug 12 16:36:51 raspberrypi __main__[1117]: [INFO] HN:  raspberrypi
Aug 12 16:36:51 raspberrypi __main__[1117]: [INFO] IP: 151.216.10.55
Aug 12 16:37:13 raspberrypi kernel: [    0.000000] Booting Linux on physical CPU 0xf00
Aug 12 16:37:13 raspberrypi kernel: [    0.000000] Linux version 5.4.51-v7+ (dom@buildbot) (gcc version 4.9.3 (crosstool-NG crosstool-ng-1.22.0-88-g8460611)) #1327 SMP Thu Jul 23 10:58:46 BST 2020
Aug 12 16:37:13 raspberrypi kernel: [    0.000000] CPU: ARMv7 Processor [410fc075] revision 5 (ARMv7), cr=10c5387d
Aug 12 16:37:13 raspberrypi kernel: [    0.000000] CPU: div instructions available: patching division code
Aug 12 16:37:13 raspberrypi kernel: [    0.000000] CPU: PIPT / VIPT nonaliasing data cache, VIPT aliasing instruction cache
Aug 12 16:37:13 raspberrypi kernel: [    0.000000] OF: fdt: Machine model: Raspberry Pi 2 Model B Rev 1.1
Aug 12 16:37:13 raspberrypi kernel: [    0.000000] Memory policy: Data cache writealloc
Aug 12 16:37:13 raspberrypi kernel: [    0.000000] Reserved memory: created CMA memory pool at 0x37400000, size 64 MiB
Aug 12 16:37:13 raspberrypi kernel: [    0.000000] OF: reserved mem: initialized node linux,cma, compatible id shared-dma-pool
Aug 12 16:37:13 raspberrypi kernel: [    0.000000] percpu: Embedded 20 pages/cpu s49792 r8192 d23936 u81920
Aug 12 16:37:13 raspberrypi kernel: [    0.000000] Built 1 zonelists, mobility grouping on.  Total pages: 240792
Aug 12 16:37:13 raspberrypi kernel: [    0.000000] Kernel command line: coherent_pool=1M snd_bcm2835.enable_compat_alsa=0 snd_bcm2835.enable_hdmi=1 snd_bcm2835.enable_headphones=1 bcm2708_fb.fbwidth=656 bcm2708_fb.fbheight=416 bcm2708_fb.fbswap=1 vc_mem.mem_base=0x3ec00000 vc_mem.mem_size=0x40000000  console=tty1 root=PARTUUID=738a4d67-02 rootfstype=ext4 elevator=deadline fsck.repair=yes rootwait
Aug 12 16:37:13 raspberrypi kernel: [    0.000000] Dentry cache hash table entries: 131072 (order: 7, 524288 bytes, linear)
Aug 12 16:37:13 raspberrypi kernel: [    0.000000] Inode-cache hash table entries: 65536 (order: 6, 262144 bytes, linear)
Aug 12 16:37:13 raspberrypi kernel: [    0.000000] mem auto-init: stack:off, heap alloc:off, heap free:off
Aug 12 16:37:13 raspberrypi kernel: [    0.000000] Memory: 882480K/970752K available (8192K kernel code, 681K rwdata, 2532K rodata, 1024K init, 824K bss, 22736K reserved, 65536K cma-reserved)
Aug 12 16:37:13 raspberrypi kernel: [    0.000000] SLUB: HWalign=64, Order=0-3, MinObjects=0, CPUs=4, Nodes=1
Aug 12 16:37:13 raspberrypi kernel: [    0.000000] ftrace: allocating 27966 entries in 55 pages
Aug 12 16:37:13 raspberrypi mtp-probe: checking bus 1, device 3: "/sys/devices/platform/soc/3f980000.usb/usb1/1-1/1-1.1"
Aug 12 16:37:13 raspberrypi mtp-probe: bus: 1, device: 3 was not an MTP device
Aug 12 16:37:13 raspberrypi mtp-probe: checking bus 1, device 4: "/sys/devices/platform/soc/3f980000.usb/usb1/1-1/1-1.3"
